<?xml version="1.0" encoding="ISO-8859-1" ?>
<link_info>
   <banner>MSP430 Linker PC v20.2.4.LTS</banner>
   <copyright>Copyright (c) 2003-2018 Texas Instruments Incorporated</copyright>
   <link_time>0x6074616c</link_time>
   <link_errors>0x0</link_errors>
   <output_file>Cx555.out</output_file>
   <entry_point>
      <name>_c_int00_noargs</name>
      <address>0xe8d6</address>
   </entry_point>
   <input_file_list>
      <input_file id="fl-2">
         <path>.\</path>
         <kind>object</kind>
         <file>main.obj</file>
         <name>main.obj</name>
      </input_file>
      <input_file id="fl-7">
         <kind>object</kind>
         <file>&lt;internal&gt;</file>
         <name>&lt;internal&gt;</name>
      </input_file>
      <input_file id="fl-1d">
         <path>C:\ti\ccs1020\ccs\tools\compiler\ti-cgt-msp430_20.2.4.LTS\lib\</path>
         <kind>archive</kind>
         <file>rts430_eabi.lib</file>
         <name>sprintf.c.obj</name>
      </input_file>
      <input_file id="fl-1e">
         <path>C:\ti\ccs1020\ccs\tools\compiler\ti-cgt-msp430_20.2.4.LTS\lib\</path>
         <kind>archive</kind>
         <file>rts430_eabi.lib</file>
         <name>div16s.asm.obj</name>
      </input_file>
      <input_file id="fl-1f">
         <path>C:\ti\ccs1020\ccs\tools\compiler\ti-cgt-msp430_20.2.4.LTS\lib\</path>
         <kind>archive</kind>
         <file>rts430_eabi.lib</file>
         <name>div16u.asm.obj</name>
      </input_file>
      <input_file id="fl-20">
         <path>C:\ti\ccs1020\ccs\tools\compiler\ti-cgt-msp430_20.2.4.LTS\lib\</path>
         <kind>archive</kind>
         <file>rts430_eabi.lib</file>
         <name>epilog.asm.obj</name>
      </input_file>
      <input_file id="fl-21">
         <path>C:\ti\ccs1020\ccs\tools\compiler\ti-cgt-msp430_20.2.4.LTS\lib\</path>
         <kind>archive</kind>
         <file>rts430_eabi.lib</file>
         <name>fs_add.asm.obj</name>
      </input_file>
      <input_file id="fl-22">
         <path>C:\ti\ccs1020\ccs\tools\compiler\ti-cgt-msp430_20.2.4.LTS\lib\</path>
         <kind>archive</kind>
         <file>rts430_eabi.lib</file>
         <name>fs_cmp.asm.obj</name>
      </input_file>
      <input_file id="fl-23">
         <path>C:\ti\ccs1020\ccs\tools\compiler\ti-cgt-msp430_20.2.4.LTS\lib\</path>
         <kind>archive</kind>
         <file>rts430_eabi.lib</file>
         <name>fs_div.asm.obj</name>
      </input_file>
      <input_file id="fl-24">
         <path>C:\ti\ccs1020\ccs\tools\compiler\ti-cgt-msp430_20.2.4.LTS\lib\</path>
         <kind>archive</kind>
         <file>rts430_eabi.lib</file>
         <name>fs_itof.asm.obj</name>
      </input_file>
      <input_file id="fl-25">
         <path>C:\ti\ccs1020\ccs\tools\compiler\ti-cgt-msp430_20.2.4.LTS\lib\</path>
         <kind>archive</kind>
         <file>rts430_eabi.lib</file>
         <name>fs_mpy.asm.obj</name>
      </input_file>
      <input_file id="fl-26">
         <path>C:\ti\ccs1020\ccs\tools\compiler\ti-cgt-msp430_20.2.4.LTS\lib\</path>
         <kind>archive</kind>
         <file>rts430_eabi.lib</file>
         <name>fs_neg.asm.obj</name>
      </input_file>
      <input_file id="fl-27">
         <path>C:\ti\ccs1020\ccs\tools\compiler\ti-cgt-msp430_20.2.4.LTS\lib\</path>
         <kind>archive</kind>
         <file>rts430_eabi.lib</file>
         <name>fs_toi.asm.obj</name>
      </input_file>
      <input_file id="fl-28">
         <path>C:\ti\ccs1020\ccs\tools\compiler\ti-cgt-msp430_20.2.4.LTS\lib\</path>
         <kind>archive</kind>
         <file>rts430_eabi.lib</file>
         <name>fs_ultof.asm.obj</name>
      </input_file>
      <input_file id="fl-29">
         <path>C:\ti\ccs1020\ccs\tools\compiler\ti-cgt-msp430_20.2.4.LTS\lib\</path>
         <kind>archive</kind>
         <file>rts430_eabi.lib</file>
         <name>int00.asm.obj</name>
      </input_file>
      <input_file id="fl-2a">
         <path>C:\ti\ccs1020\ccs\tools\compiler\ti-cgt-msp430_20.2.4.LTS\lib\</path>
         <kind>archive</kind>
         <file>rts430_eabi.lib</file>
         <name>int03.asm.obj</name>
      </input_file>
      <input_file id="fl-2b">
         <path>C:\ti\ccs1020\ccs\tools\compiler\ti-cgt-msp430_20.2.4.LTS\lib\</path>
         <kind>archive</kind>
         <file>rts430_eabi.lib</file>
         <name>int05.asm.obj</name>
      </input_file>
      <input_file id="fl-2c">
         <path>C:\ti\ccs1020\ccs\tools\compiler\ti-cgt-msp430_20.2.4.LTS\lib\</path>
         <kind>archive</kind>
         <file>rts430_eabi.lib</file>
         <name>int06.asm.obj</name>
      </input_file>
      <input_file id="fl-2d">
         <path>C:\ti\ccs1020\ccs\tools\compiler\ti-cgt-msp430_20.2.4.LTS\lib\</path>
         <kind>archive</kind>
         <file>rts430_eabi.lib</file>
         <name>int07.asm.obj</name>
      </input_file>
      <input_file id="fl-2e">
         <path>C:\ti\ccs1020\ccs\tools\compiler\ti-cgt-msp430_20.2.4.LTS\lib\</path>
         <kind>archive</kind>
         <file>rts430_eabi.lib</file>
         <name>int08.asm.obj</name>
      </input_file>
      <input_file id="fl-2f">
         <path>C:\ti\ccs1020\ccs\tools\compiler\ti-cgt-msp430_20.2.4.LTS\lib\</path>
         <kind>archive</kind>
         <file>rts430_eabi.lib</file>
         <name>int09.asm.obj</name>
      </input_file>
      <input_file id="fl-30">
         <path>C:\ti\ccs1020\ccs\tools\compiler\ti-cgt-msp430_20.2.4.LTS\lib\</path>
         <kind>archive</kind>
         <file>rts430_eabi.lib</file>
         <name>int10.asm.obj</name>
      </input_file>
      <input_file id="fl-31">
         <path>C:\ti\ccs1020\ccs\tools\compiler\ti-cgt-msp430_20.2.4.LTS\lib\</path>
         <kind>archive</kind>
         <file>rts430_eabi.lib</file>
         <name>int11.asm.obj</name>
      </input_file>
      <input_file id="fl-32">
         <path>C:\ti\ccs1020\ccs\tools\compiler\ti-cgt-msp430_20.2.4.LTS\lib\</path>
         <kind>archive</kind>
         <file>rts430_eabi.lib</file>
         <name>int13.asm.obj</name>
      </input_file>
      <input_file id="fl-33">
         <path>C:\ti\ccs1020\ccs\tools\compiler\ti-cgt-msp430_20.2.4.LTS\lib\</path>
         <kind>archive</kind>
         <file>rts430_eabi.lib</file>
         <name>int14.asm.obj</name>
      </input_file>
      <input_file id="fl-34">
         <path>C:\ti\ccs1020\ccs\tools\compiler\ti-cgt-msp430_20.2.4.LTS\lib\</path>
         <kind>archive</kind>
         <file>rts430_eabi.lib</file>
         <name>isr_trap.asm.obj</name>
      </input_file>
      <input_file id="fl-35">
         <path>C:\ti\ccs1020\ccs\tools\compiler\ti-cgt-msp430_20.2.4.LTS\lib\</path>
         <kind>archive</kind>
         <file>rts430_eabi.lib</file>
         <name>mult32.asm.obj</name>
      </input_file>
      <input_file id="fl-36">
         <path>C:\ti\ccs1020\ccs\tools\compiler\ti-cgt-msp430_20.2.4.LTS\lib\</path>
         <kind>archive</kind>
         <file>rts430_eabi.lib</file>
         <name>boot.c.obj</name>
      </input_file>
      <input_file id="fl-37">
         <path>C:\ti\ccs1020\ccs\tools\compiler\ti-cgt-msp430_20.2.4.LTS\lib\</path>
         <kind>archive</kind>
         <file>rts430_eabi.lib</file>
         <name>autoinit.c.obj</name>
      </input_file>
      <input_file id="fl-38">
         <path>C:\ti\ccs1020\ccs\tools\compiler\ti-cgt-msp430_20.2.4.LTS\lib\</path>
         <kind>archive</kind>
         <file>rts430_eabi.lib</file>
         <name>copy_zero_init.c.obj</name>
      </input_file>
      <input_file id="fl-39">
         <path>C:\ti\ccs1020\ccs\tools\compiler\ti-cgt-msp430_20.2.4.LTS\lib\</path>
         <kind>archive</kind>
         <file>rts430_eabi.lib</file>
         <name>cpy_tbl.c.obj</name>
      </input_file>
      <input_file id="fl-3a">
         <path>C:\ti\ccs1020\ccs\tools\compiler\ti-cgt-msp430_20.2.4.LTS\lib\</path>
         <kind>archive</kind>
         <file>rts430_eabi.lib</file>
         <name>mpu_init.c.obj</name>
      </input_file>
      <input_file id="fl-3b">
         <path>C:\ti\ccs1020\ccs\tools\compiler\ti-cgt-msp430_20.2.4.LTS\lib\</path>
         <kind>archive</kind>
         <file>rts430_eabi.lib</file>
         <name>pre_init.c.obj</name>
      </input_file>
      <input_file id="fl-3c">
         <path>C:\ti\ccs1020\ccs\tools\compiler\ti-cgt-msp430_20.2.4.LTS\lib\</path>
         <kind>archive</kind>
         <file>rts430_eabi.lib</file>
         <name>startup.c.obj</name>
      </input_file>
      <input_file id="fl-3d">
         <path>C:\ti\ccs1020\ccs\tools\compiler\ti-cgt-msp430_20.2.4.LTS\lib\</path>
         <kind>archive</kind>
         <file>rts430_eabi.lib</file>
         <name>copy_decompress_none.c.obj</name>
      </input_file>
      <input_file id="fl-3e">
         <path>C:\ti\ccs1020\ccs\tools\compiler\ti-cgt-msp430_20.2.4.LTS\lib\</path>
         <kind>archive</kind>
         <file>rts430_eabi.lib</file>
         <name>copy_decompress_lzss.c.obj</name>
      </input_file>
      <input_file id="fl-3f">
         <path>C:\ti\ccs1020\ccs\tools\compiler\ti-cgt-msp430_20.2.4.LTS\lib\</path>
         <kind>archive</kind>
         <file>rts430_eabi.lib</file>
         <name>addd.c.obj</name>
      </input_file>
      <input_file id="fl-40">
         <path>C:\ti\ccs1020\ccs\tools\compiler\ti-cgt-msp430_20.2.4.LTS\lib\</path>
         <kind>archive</kind>
         <file>rts430_eabi.lib</file>
         <name>cvtfd.c.obj</name>
      </input_file>
      <input_file id="fl-41">
         <path>C:\ti\ccs1020\ccs\tools\compiler\ti-cgt-msp430_20.2.4.LTS\lib\</path>
         <kind>archive</kind>
         <file>rts430_eabi.lib</file>
         <name>divd.c.obj</name>
      </input_file>
      <input_file id="fl-42">
         <path>C:\ti\ccs1020\ccs\tools\compiler\ti-cgt-msp430_20.2.4.LTS\lib\</path>
         <kind>archive</kind>
         <file>rts430_eabi.lib</file>
         <name>fltid.c.obj</name>
      </input_file>
      <input_file id="fl-43">
         <path>C:\ti\ccs1020\ccs\tools\compiler\ti-cgt-msp430_20.2.4.LTS\lib\</path>
         <kind>archive</kind>
         <file>rts430_eabi.lib</file>
         <name>fltlid.c.obj</name>
      </input_file>
      <input_file id="fl-44">
         <path>C:\ti\ccs1020\ccs\tools\compiler\ti-cgt-msp430_20.2.4.LTS\lib\</path>
         <kind>archive</kind>
         <file>rts430_eabi.lib</file>
         <name>frcdivd.c.obj</name>
      </input_file>
      <input_file id="fl-45">
         <path>C:\ti\ccs1020\ccs\tools\compiler\ti-cgt-msp430_20.2.4.LTS\lib\</path>
         <kind>archive</kind>
         <file>rts430_eabi.lib</file>
         <name>mpyd.c.obj</name>
      </input_file>
      <input_file id="fl-46">
         <path>C:\ti\ccs1020\ccs\tools\compiler\ti-cgt-msp430_20.2.4.LTS\lib\</path>
         <kind>archive</kind>
         <file>rts430_eabi.lib</file>
         <name>cvtdf.c.obj</name>
      </input_file>
      <input_file id="fl-47">
         <path>C:\ti\ccs1020\ccs\tools\compiler\ti-cgt-msp430_20.2.4.LTS\lib\</path>
         <kind>archive</kind>
         <file>rts430_eabi.lib</file>
         <name>exit.c.obj</name>
      </input_file>
      <input_file id="fl-48">
         <path>C:\ti\ccs1020\ccs\tools\compiler\ti-cgt-msp430_20.2.4.LTS\lib\</path>
         <kind>archive</kind>
         <file>rts430_eabi.lib</file>
         <name>_lock.c.obj</name>
      </input_file>
      <input_file id="fl-49">
         <path>C:\ti\ccs1020\ccs\tools\compiler\ti-cgt-msp430_20.2.4.LTS\lib\</path>
         <kind>archive</kind>
         <file>rts430_eabi.lib</file>
         <name>args_main.c.obj</name>
      </input_file>
      <input_file id="fl-4a">
         <path>C:\ti\ccs1020\ccs\tools\compiler\ti-cgt-msp430_20.2.4.LTS\lib\</path>
         <kind>archive</kind>
         <file>rts430_eabi.lib</file>
         <name>memcpy.c.obj</name>
      </input_file>
      <input_file id="fl-4b">
         <path>C:\ti\ccs1020\ccs\tools\compiler\ti-cgt-msp430_20.2.4.LTS\lib\</path>
         <kind>archive</kind>
         <file>rts430_eabi.lib</file>
         <name>strcpy.c.obj</name>
      </input_file>
      <input_file id="fl-4c">
         <path>C:\ti\ccs1020\ccs\tools\compiler\ti-cgt-msp430_20.2.4.LTS\lib\</path>
         <kind>archive</kind>
         <file>rts430_eabi.lib</file>
         <name>_printfi_min.c.obj</name>
      </input_file>
      <input_file id="fl-4d">
         <path>C:\ti\ccs1020\ccs\tools\compiler\ti-cgt-msp430_20.2.4.LTS\lib\</path>
         <kind>archive</kind>
         <file>rts430_eabi.lib</file>
         <name>asr16.asm.obj</name>
      </input_file>
      <input_file id="fl-4e">
         <path>C:\ti\ccs1020\ccs\tools\compiler\ti-cgt-msp430_20.2.4.LTS\lib\</path>
         <kind>archive</kind>
         <file>rts430_eabi.lib</file>
         <name>asr32.asm.obj</name>
      </input_file>
      <input_file id="fl-4f">
         <path>C:\ti\ccs1020\ccs\tools\compiler\ti-cgt-msp430_20.2.4.LTS\lib\</path>
         <kind>archive</kind>
         <file>rts430_eabi.lib</file>
         <name>lsl16.asm.obj</name>
      </input_file>
      <input_file id="fl-50">
         <path>C:\ti\ccs1020\ccs\tools\compiler\ti-cgt-msp430_20.2.4.LTS\lib\</path>
         <kind>archive</kind>
         <file>rts430_eabi.lib</file>
         <name>lsl32.asm.obj</name>
      </input_file>
      <input_file id="fl-51">
         <path>C:\ti\ccs1020\ccs\tools\compiler\ti-cgt-msp430_20.2.4.LTS\lib\</path>
         <kind>archive</kind>
         <file>rts430_eabi.lib</file>
         <name>lsr16.asm.obj</name>
      </input_file>
      <input_file id="fl-52">
         <path>C:\ti\ccs1020\ccs\tools\compiler\ti-cgt-msp430_20.2.4.LTS\lib\</path>
         <kind>archive</kind>
         <file>rts430_eabi.lib</file>
         <name>lsr32.asm.obj</name>
      </input_file>
      <input_file id="fl-53">
         <path>C:\ti\ccs1020\ccs\tools\compiler\ti-cgt-msp430_20.2.4.LTS\lib\</path>
         <kind>archive</kind>
         <file>rts430_eabi.lib</file>
         <name>mult16.asm.obj</name>
      </input_file>
      <input_file id="fl-54">
         <path>C:\ti\ccs1020\ccs\tools\compiler\ti-cgt-msp430_20.2.4.LTS\lib\</path>
         <kind>archive</kind>
         <file>rts430_eabi.lib</file>
         <name>exit_gvars.c.obj</name>
      </input_file>
      <input_file id="fl-55">
         <path>C:\ti\ccs1020\ccs\tools\compiler\ti-cgt-msp430_20.2.4.LTS\lib\</path>
         <kind>archive</kind>
         <file>rts430_eabi.lib</file>
         <name>asr64.c.obj</name>
      </input_file>
      <input_file id="fl-56">
         <path>C:\ti\ccs1020\ccs\tools\compiler\ti-cgt-msp430_20.2.4.LTS\lib\</path>
         <kind>archive</kind>
         <file>rts430_eabi.lib</file>
         <name>lsl64.c.obj</name>
      </input_file>
      <input_file id="fl-57">
         <path>C:\ti\ccs1020\ccs\tools\compiler\ti-cgt-msp430_20.2.4.LTS\lib\</path>
         <kind>archive</kind>
         <file>rts430_eabi.lib</file>
         <name>lsr64.c.obj</name>
      </input_file>
      <input_file id="fl-58">
         <path>C:\ti\ccs1020\ccs\tools\compiler\ti-cgt-msp430_20.2.4.LTS\lib\</path>
         <kind>archive</kind>
         <file>rts430_eabi.lib</file>
         <name>frcmpyd.c.obj</name>
      </input_file>
      <input_file id="fl-59">
         <path>C:\ti\ccs1020\ccs\tools\compiler\ti-cgt-msp430_20.2.4.LTS\lib\</path>
         <kind>archive</kind>
         <file>rts430_eabi.lib</file>
         <name>memccpy.c.obj</name>
      </input_file>
      <input_file id="fl-5a">
         <path>C:\ti\ccs1020\ccs\tools\compiler\ti-cgt-msp430_20.2.4.LTS\lib\</path>
         <kind>archive</kind>
         <file>rts430_eabi.lib</file>
         <name>memset.c.obj</name>
      </input_file>
      <input_file id="fl-5b">
         <path>C:\ti\ccs1020\ccs\tools\compiler\ti-cgt-msp430_20.2.4.LTS\lib\</path>
         <kind>archive</kind>
         <file>rts430_eabi.lib</file>
         <name>strlen.c.obj</name>
      </input_file>
      <input_file id="fl-5c">
         <path>C:\ti\ccs1020\ccs\tools\compiler\ti-cgt-msp430_20.2.4.LTS\lib\</path>
         <kind>archive</kind>
         <file>rts430_eabi.lib</file>
         <name>mult3264.asm.obj</name>
      </input_file>
      <input_file id="fl-5d">
         <path>C:\ti\ccs1020\ccs\tools\compiler\ti-cgt-msp430_20.2.4.LTS\lib\</path>
         <kind>archive</kind>
         <file>rts430_eabi.lib</file>
         <name>mult64.asm.obj</name>
      </input_file>
      <input_file id="fl-5e">
         <path>C:\ti\ccs1020\ccs\tools\compiler\ti-cgt-msp430_20.2.4.LTS\lib\</path>
         <kind>archive</kind>
         <file>rts430_eabi.lib</file>
         <name>mult1632.asm.obj</name>
      </input_file>
   </input_file_list>
   <object_component_list>
      <object_component id="oc-15e">
         <name>.data</name>
         <load_address>0x200</load_address>
         <run_address>0x200</run_address>
         <size>0x31</size>
         <input_file_ref idref="fl-2"/>
      </object_component>
      <object_component id="oc-221">
         <name>.data:LCD_Line1</name>
         <load_address>0x232</load_address>
         <run_address>0x232</run_address>
         <size>0x10</size>
         <input_file_ref idref="fl-2"/>
      </object_component>
      <object_component id="oc-22d">
         <name>.data:LCD_Line2</name>
         <load_address>0x242</load_address>
         <run_address>0x242</run_address>
         <size>0x10</size>
         <input_file_ref idref="fl-2"/>
      </object_component>
      <object_component id="oc-224">
         <name>.data:clear</name>
         <load_address>0x252</load_address>
         <run_address>0x252</run_address>
         <size>0x10</size>
         <input_file_ref idref="fl-2"/>
      </object_component>
      <object_component id="oc-143">
         <name>.data:key</name>
         <load_address>0x262</load_address>
         <run_address>0x262</run_address>
         <size>0x10</size>
         <input_file_ref idref="fl-2"/>
      </object_component>
      <object_component id="oc-b1">
         <name>.stack</name>
         <uninitialized>true</uninitialized>
         <run_address>0x3b0</run_address>
         <size>0x2</size>
         <input_file_ref idref="fl-36"/>
      </object_component>
      <object_component id="oc-440">
         <name>.stack</name>
         <uninitialized>true</uninitialized>
         <run_address>0x3b0</run_address>
         <size>0x0</size>
      </object_component>
      <object_component id="oc-152">
         <name>.text:__mspabi_addd</name>
         <load_address>0xc000</load_address>
         <run_address>0xc000</run_address>
         <size>0x736</size>
         <input_file_ref idref="fl-3f"/>
      </object_component>
      <object_component id="oc-2de">
         <name>.text:__TI_frcdivd</name>
         <load_address>0xc736</load_address>
         <run_address>0xc736</run_address>
         <size>0x478</size>
         <input_file_ref idref="fl-44"/>
      </object_component>
      <object_component id="oc-e1">
         <name>.text:SW2_ISR</name>
         <load_address>0xcbae</load_address>
         <run_address>0xcbae</run_address>
         <size>0x372</size>
         <input_file_ref idref="fl-2"/>
      </object_component>
      <object_component id="oc-14c">
         <name>.text:__mspabi_mpyd</name>
         <load_address>0xcf20</load_address>
         <run_address>0xcf20</run_address>
         <size>0x2c0</size>
         <input_file_ref idref="fl-45"/>
      </object_component>
      <object_component id="oc-186">
         <name>.text:main</name>
         <load_address>0xd1e0</load_address>
         <run_address>0xd1e0</run_address>
         <size>0x29c</size>
         <input_file_ref idref="fl-2"/>
      </object_component>
      <object_component id="oc-211">
         <name>.text:__mspabi_divd</name>
         <load_address>0xd47c</load_address>
         <run_address>0xd47c</run_address>
         <size>0x238</size>
         <input_file_ref idref="fl-41"/>
      </object_component>
      <object_component id="oc-1b9">
         <name>.text:__TI_frcmpyd</name>
         <load_address>0xd6b4</load_address>
         <run_address>0xd6b4</run_address>
         <size>0x172</size>
         <input_file_ref idref="fl-58"/>
      </object_component>
      <object_component id="oc-21c">
         <name>.text</name>
         <load_address>0xd826</load_address>
         <run_address>0xd826</run_address>
         <size>0x132</size>
         <input_file_ref idref="fl-21"/>
      </object_component>
      <object_component id="oc-372">
         <name>.text:_setfield</name>
         <load_address>0xd958</load_address>
         <run_address>0xd958</run_address>
         <size>0x116</size>
         <input_file_ref idref="fl-4c"/>
      </object_component>
      <object_component id="oc-29b">
         <name>.text:__mpyll</name>
         <load_address>0xda6e</load_address>
         <run_address>0xda6e</run_address>
         <size>0x114</size>
         <input_file_ref idref="fl-5d"/>
      </object_component>
      <object_component id="oc-2fd">
         <name>.text:__TI_printfi_minimal</name>
         <load_address>0xdb82</load_address>
         <run_address>0xdb82</run_address>
         <size>0xec</size>
         <input_file_ref idref="fl-4c"/>
      </object_component>
      <object_component id="oc-247">
         <name>.text:PrintfFloat</name>
         <load_address>0xdc6e</load_address>
         <run_address>0xdc6e</run_address>
         <size>0xe2</size>
         <input_file_ref idref="fl-2"/>
      </object_component>
      <object_component id="oc-3cc">
         <name>.text:_pproc_diouxp</name>
         <load_address>0xdd50</load_address>
         <run_address>0xdd50</run_address>
         <size>0xca</size>
         <input_file_ref idref="fl-4c"/>
      </object_component>
      <object_component id="oc-217">
         <name>.text</name>
         <load_address>0xde1a</load_address>
         <run_address>0xde1a</run_address>
         <size>0xc4</size>
         <input_file_ref idref="fl-25"/>
      </object_component>
      <object_component id="oc-158">
         <name>.text:__mspabi_cvtdf</name>
         <load_address>0xdede</load_address>
         <run_address>0xdede</run_address>
         <size>0xb4</size>
         <input_file_ref idref="fl-46"/>
      </object_component>
      <object_component id="oc-1ad">
         <name>.text:__mspabi_fltlid</name>
         <load_address>0xdf92</load_address>
         <run_address>0xdf92</run_address>
         <size>0xac</size>
         <input_file_ref idref="fl-43"/>
      </object_component>
      <object_component id="oc-2c3">
         <name>.text:I2C_SendByte</name>
         <load_address>0xe03e</load_address>
         <run_address>0xe03e</run_address>
         <size>0xa2</size>
         <input_file_ref idref="fl-2"/>
      </object_component>
      <object_component id="oc-206">
         <name>.text</name>
         <load_address>0xe0e0</load_address>
         <run_address>0xe0e0</run_address>
         <size>0x9c</size>
         <input_file_ref idref="fl-23"/>
      </object_component>
      <object_component id="oc-e7">
         <name>.text:TIMER1_CCR1_Capture</name>
         <load_address>0xe17c</load_address>
         <run_address>0xe17c</run_address>
         <size>0x92</size>
         <input_file_ref idref="fl-2"/>
      </object_component>
      <object_component id="oc-34">
         <name>.text:decompress:lzss:__TI_decompress_lzss</name>
         <load_address>0xe20e</load_address>
         <run_address>0xe20e</run_address>
         <size>0x7c</size>
         <input_file_ref idref="fl-3e"/>
      </object_component>
      <object_component id="oc-20b">
         <name>.text:__mspabi_cvtfd</name>
         <load_address>0xe28a</load_address>
         <run_address>0xe28a</run_address>
         <size>0x70</size>
         <input_file_ref idref="fl-40"/>
      </object_component>
      <object_component id="oc-230">
         <name>.text</name>
         <load_address>0xe2fa</load_address>
         <run_address>0xe2fa</run_address>
         <size>0x68</size>
         <input_file_ref idref="fl-27"/>
      </object_component>
      <object_component id="oc-313">
         <name>.text:LCD_Display</name>
         <load_address>0xe362</load_address>
         <run_address>0xe362</run_address>
         <size>0x62</size>
         <input_file_ref idref="fl-2"/>
      </object_component>
      <object_component id="oc-293">
         <name>.text:l_lsr_const</name>
         <load_address>0xe3c4</load_address>
         <run_address>0xe3c4</run_address>
         <size>0x5c</size>
         <input_file_ref idref="fl-52"/>
      </object_component>
      <object_component id="oc-ba">
         <name>.text</name>
         <load_address>0xe420</load_address>
         <run_address>0xe420</run_address>
         <size>0x4c</size>
         <input_file_ref idref="fl-51"/>
      </object_component>
      <object_component id="oc-1c6">
         <name>.text:__mspabi_srall</name>
         <load_address>0xe46c</load_address>
         <run_address>0xe46c</run_address>
         <size>0x4a</size>
         <input_file_ref idref="fl-55"/>
      </object_component>
      <object_component id="oc-161">
         <name>.text</name>
         <load_address>0xe4b6</load_address>
         <run_address>0xe4b6</run_address>
         <size>0x4a</size>
         <input_file_ref idref="fl-22"/>
      </object_component>
      <object_component id="oc-1fb">
         <name>.text:LCD_Init</name>
         <load_address>0xe500</load_address>
         <run_address>0xe500</run_address>
         <size>0x46</size>
         <input_file_ref idref="fl-2"/>
      </object_component>
      <object_component id="oc-2a5">
         <name>.text:__mspabi_srlll</name>
         <load_address>0xe546</load_address>
         <run_address>0xe546</run_address>
         <size>0x46</size>
         <input_file_ref idref="fl-57"/>
      </object_component>
      <object_component id="oc-1cc">
         <name>.text:__mspabi_sllll</name>
         <load_address>0xe58c</load_address>
         <run_address>0xe58c</run_address>
         <size>0x44</size>
         <input_file_ref idref="fl-56"/>
      </object_component>
      <object_component id="oc-260">
         <name>.text:__TI_auto_init_nobinit_nopinit:__TI_auto_init_nobinit_nopinit</name>
         <load_address>0xe5d0</load_address>
         <run_address>0xe5d0</run_address>
         <size>0x42</size>
         <input_file_ref idref="fl-37"/>
      </object_component>
      <object_component id="oc-2d2">
         <name>.text:l_asr_const</name>
         <load_address>0xe612</load_address>
         <run_address>0xe612</run_address>
         <size>0x3e</size>
         <input_file_ref idref="fl-4e"/>
      </object_component>
      <object_component id="oc-1d4">
         <name>.text:l_lsl_const</name>
         <load_address>0xe650</load_address>
         <run_address>0xe650</run_address>
         <size>0x3e</size>
         <input_file_ref idref="fl-50"/>
      </object_component>
      <object_component id="oc-236">
         <name>.text:sprintf</name>
         <load_address>0xe68e</load_address>
         <run_address>0xe68e</run_address>
         <size>0x38</size>
         <input_file_ref idref="fl-1d"/>
      </object_component>
      <object_component id="oc-23c">
         <name>.text</name>
         <load_address>0xe6c6</load_address>
         <run_address>0xe6c6</run_address>
         <size>0x36</size>
         <input_file_ref idref="fl-24"/>
      </object_component>
      <object_component id="oc-2bd">
         <name>.text:I2C_Start</name>
         <load_address>0xe6fc</load_address>
         <run_address>0xe6fc</run_address>
         <size>0x34</size>
         <input_file_ref idref="fl-2"/>
      </object_component>
      <object_component id="oc-2c9">
         <name>.text:I2C_Stop</name>
         <load_address>0xe730</load_address>
         <run_address>0xe730</run_address>
         <size>0x34</size>
         <input_file_ref idref="fl-2"/>
      </object_component>
      <object_component id="oc-1f5">
         <name>.text:InitUART</name>
         <load_address>0xe764</load_address>
         <run_address>0xe764</run_address>
         <size>0x34</size>
         <input_file_ref idref="fl-2"/>
      </object_component>
      <object_component id="oc-201">
         <name>.text</name>
         <load_address>0xe798</load_address>
         <run_address>0xe798</run_address>
         <size>0x32</size>
         <input_file_ref idref="fl-28"/>
      </object_component>
      <object_component id="oc-1b4">
         <name>.text</name>
         <load_address>0xe7ca</load_address>
         <run_address>0xe7ca</run_address>
         <size>0x2c</size>
         <input_file_ref idref="fl-4d"/>
      </object_component>
      <object_component id="oc-30d">
         <name>.text</name>
         <load_address>0xe7f6</load_address>
         <run_address>0xe7f6</run_address>
         <size>0x2c</size>
         <input_file_ref idref="fl-1e"/>
      </object_component>
      <object_component id="oc-b5">
         <name>.text</name>
         <load_address>0xe822</load_address>
         <run_address>0xe822</run_address>
         <size>0x2c</size>
         <input_file_ref idref="fl-4f"/>
      </object_component>
      <object_component id="oc-16d">
         <name>.text</name>
         <load_address>0xe84e</load_address>
         <run_address>0xe84e</run_address>
         <size>0x26</size>
         <input_file_ref idref="fl-35"/>
      </object_component>
      <object_component id="oc-350">
         <name>.text:__mpyul</name>
         <load_address>0xe874</load_address>
         <run_address>0xe874</run_address>
         <size>0x22</size>
         <input_file_ref idref="fl-5e"/>
      </object_component>
      <object_component id="oc-3d2">
         <name>.text:memccpy</name>
         <load_address>0xe896</load_address>
         <run_address>0xe896</run_address>
         <size>0x22</size>
         <input_file_ref idref="fl-59"/>
      </object_component>
      <object_component id="oc-2a0">
         <name>.text:__mpyull</name>
         <load_address>0xe8b8</load_address>
         <run_address>0xe8b8</run_address>
         <size>0x1e</size>
         <input_file_ref idref="fl-5c"/>
      </object_component>
      <object_component id="oc-ff">
         <name>.text:_c_int00_noargs</name>
         <load_address>0xe8d6</load_address>
         <run_address>0xe8d6</run_address>
         <size>0x1c</size>
         <input_file_ref idref="fl-36"/>
      </object_component>
      <object_component id="oc-24d">
         <name>.text:LCD_fresh</name>
         <load_address>0xe8f2</load_address>
         <run_address>0xe8f2</run_address>
         <size>0x1a</size>
         <input_file_ref idref="fl-2"/>
      </object_component>
      <object_component id="oc-241">
         <name>.text:UartSendString</name>
         <load_address>0xe90c</load_address>
         <run_address>0xe90c</run_address>
         <size>0x1a</size>
         <input_file_ref idref="fl-2"/>
      </object_component>
      <object_component id="oc-2f1">
         <name>.text:_outs</name>
         <load_address>0xe926</load_address>
         <run_address>0xe926</run_address>
         <size>0x1a</size>
         <input_file_ref idref="fl-1d"/>
      </object_component>
      <object_component id="oc-1ef">
         <name>.text:InitSystemClock</name>
         <load_address>0xe940</load_address>
         <run_address>0xe940</run_address>
         <size>0x18</size>
         <input_file_ref idref="fl-2"/>
      </object_component>
      <object_component id="oc-38a">
         <name>.text</name>
         <load_address>0xe958</load_address>
         <run_address>0xe958</run_address>
         <size>0x16</size>
         <input_file_ref idref="fl-1f"/>
      </object_component>
      <object_component id="oc-390">
         <name>.text:LCD_GenPos</name>
         <load_address>0xe96e</load_address>
         <run_address>0xe96e</run_address>
         <size>0x14</size>
         <input_file_ref idref="fl-2"/>
      </object_component>
      <object_component id="oc-3c5">
         <name>.text:memset</name>
         <load_address>0xe982</load_address>
         <run_address>0xe982</run_address>
         <size>0x14</size>
         <input_file_ref idref="fl-5a"/>
      </object_component>
      <object_component id="oc-35f">
         <name>.text</name>
         <load_address>0xe996</load_address>
         <run_address>0xe996</run_address>
         <size>0x14</size>
         <input_file_ref idref="fl-53"/>
      </object_component>
      <object_component id="oc-2f7">
         <name>.text:_outc</name>
         <load_address>0xe9aa</load_address>
         <run_address>0xe9aa</run_address>
         <size>0x12</size>
         <input_file_ref idref="fl-1d"/>
      </object_component>
      <object_component id="oc-3a">
         <name>.text:decompress:none:__TI_decompress_none</name>
         <load_address>0xe9bc</load_address>
         <run_address>0xe9bc</run_address>
         <size>0x12</size>
         <input_file_ref idref="fl-3d"/>
      </object_component>
      <object_component id="oc-cf">
         <name>.text:memcpy</name>
         <load_address>0xe9ce</load_address>
         <run_address>0xe9ce</run_address>
         <size>0x12</size>
         <input_file_ref idref="fl-4a"/>
      </object_component>
      <object_component id="oc-bf">
         <name>.text</name>
         <load_address>0xe9e0</load_address>
         <run_address>0xe9e0</run_address>
         <size>0x10</size>
         <input_file_ref idref="fl-20"/>
      </object_component>
      <object_component id="oc-227">
         <name>.text:strcpy</name>
         <load_address>0xe9f0</load_address>
         <run_address>0xe9f0</run_address>
         <size>0x10</size>
         <input_file_ref idref="fl-4b"/>
      </object_component>
      <object_component id="oc-36c">
         <name>.text:strlen</name>
         <load_address>0xea00</load_address>
         <run_address>0xea00</run_address>
         <size>0xe</size>
         <input_file_ref idref="fl-5b"/>
      </object_component>
      <object_component id="oc-146">
         <name>.text:__mspabi_fltid</name>
         <load_address>0xea0e</load_address>
         <run_address>0xea0e</run_address>
         <size>0xc</size>
         <input_file_ref idref="fl-42"/>
      </object_component>
      <object_component id="oc-166">
         <name>.text</name>
         <load_address>0xea1a</load_address>
         <run_address>0xea1a</run_address>
         <size>0xa</size>
         <input_file_ref idref="fl-26"/>
      </object_component>
      <object_component id="oc-2b7">
         <name>.text:I2C_Init</name>
         <load_address>0xea24</load_address>
         <run_address>0xea24</run_address>
         <size>0x8</size>
         <input_file_ref idref="fl-2"/>
      </object_component>
      <object_component id="oc-dc">
         <name>.text:_isr:__TI_ISR_TRAP</name>
         <load_address>0xea2c</load_address>
         <run_address>0xea2c</run_address>
         <size>0x8</size>
         <input_file_ref idref="fl-34"/>
      </object_component>
      <object_component id="oc-254">
         <name>.text:abort</name>
         <load_address>0xea34</load_address>
         <run_address>0xea34</run_address>
         <size>0x6</size>
         <input_file_ref idref="fl-47"/>
      </object_component>
      <object_component id="oc-180">
         <name>.text:_system_pre_init</name>
         <load_address>0xea3a</load_address>
         <run_address>0xea3a</run_address>
         <size>0x4</size>
         <input_file_ref idref="fl-3b"/>
      </object_component>
      <object_component id="oc-32c">
         <name>.text:_system_post_cinit</name>
         <load_address>0xea3e</load_address>
         <run_address>0xea3e</run_address>
         <size>0x2</size>
         <input_file_ref idref="fl-3c"/>
      </object_component>
      <object_component id="oc-43f">
         <name>.cinit..data.load</name>
         <load_address>0xea94</load_address>
         <run_address>0xea94</run_address>
         <size>0x1b</size>
      </object_component>
      <object_component id="oc-43d">
         <name>__TI_handler_table</name>
         <load_address>0xeab0</load_address>
         <run_address>0xeab0</run_address>
         <size>0x4</size>
      </object_component>
      <object_component id="oc-43e">
         <name>__TI_cinit_table</name>
         <load_address>0xeab4</load_address>
         <run_address>0xeab4</run_address>
         <size>0x4</size>
      </object_component>
      <object_component id="oc-235">
         <name>.const:.string</name>
         <load_address>0xea40</load_address>
         <run_address>0xea40</run_address>
         <size>0x34</size>
         <input_file_ref idref="fl-2"/>
      </object_component>
      <object_component id="oc-3cb">
         <name>.const:.string</name>
         <load_address>0xea74</load_address>
         <run_address>0xea74</run_address>
         <size>0x14</size>
         <input_file_ref idref="fl-4c"/>
      </object_component>
      <object_component id="oc-307">
         <name>.const:.string:$P$T0$1</name>
         <load_address>0xea88</load_address>
         <run_address>0xea88</run_address>
         <size>0x6</size>
         <input_file_ref idref="fl-2"/>
      </object_component>
      <object_component id="oc-30a">
         <name>.const:.string:$P$T1$2</name>
         <load_address>0xea8e</load_address>
         <run_address>0xea8e</run_address>
         <size>0x5</size>
         <input_file_ref idref="fl-2"/>
      </object_component>
      <object_component id="oc-3ff">
         <name>.binit</name>
         <load_address>0xc000</load_address>
         <run_address>0xc000</run_address>
         <size>0x0</size>
      </object_component>
      <object_component id="oc-40">
         <name>.int00</name>
         <load_address>0xffe0</load_address>
         <run_address>0xffe0</run_address>
         <size>0x2</size>
         <input_file_ref idref="fl-29"/>
      </object_component>
      <object_component id="oc-41">
         <name>.int02</name>
         <load_address>0xffe4</load_address>
         <run_address>0xffe4</run_address>
         <size>0x2</size>
         <input_file_ref idref="fl-2"/>
      </object_component>
      <object_component id="oc-42">
         <name>.int03</name>
         <load_address>0xffe6</load_address>
         <run_address>0xffe6</run_address>
         <size>0x2</size>
         <input_file_ref idref="fl-2a"/>
      </object_component>
      <object_component id="oc-43">
         <name>.int05</name>
         <load_address>0xffea</load_address>
         <run_address>0xffea</run_address>
         <size>0x2</size>
         <input_file_ref idref="fl-2b"/>
      </object_component>
      <object_component id="oc-44">
         <name>.int06</name>
         <load_address>0xffec</load_address>
         <run_address>0xffec</run_address>
         <size>0x2</size>
         <input_file_ref idref="fl-2c"/>
      </object_component>
      <object_component id="oc-45">
         <name>.int07</name>
         <load_address>0xffee</load_address>
         <run_address>0xffee</run_address>
         <size>0x2</size>
         <input_file_ref idref="fl-2d"/>
      </object_component>
      <object_component id="oc-46">
         <name>.int08</name>
         <load_address>0xfff0</load_address>
         <run_address>0xfff0</run_address>
         <size>0x2</size>
         <input_file_ref idref="fl-2e"/>
      </object_component>
      <object_component id="oc-47">
         <name>.int09</name>
         <load_address>0xfff2</load_address>
         <run_address>0xfff2</run_address>
         <size>0x2</size>
         <input_file_ref idref="fl-2f"/>
      </object_component>
      <object_component id="oc-48">
         <name>.int10</name>
         <load_address>0xfff4</load_address>
         <run_address>0xfff4</run_address>
         <size>0x2</size>
         <input_file_ref idref="fl-30"/>
      </object_component>
      <object_component id="oc-49">
         <name>.int11</name>
         <load_address>0xfff6</load_address>
         <run_address>0xfff6</run_address>
         <size>0x2</size>
         <input_file_ref idref="fl-31"/>
      </object_component>
      <object_component id="oc-4a">
         <name>.int12</name>
         <load_address>0xfff8</load_address>
         <run_address>0xfff8</run_address>
         <size>0x2</size>
         <input_file_ref idref="fl-2"/>
      </object_component>
      <object_component id="oc-4b">
         <name>.int13</name>
         <load_address>0xfffa</load_address>
         <run_address>0xfffa</run_address>
         <size>0x2</size>
         <input_file_ref idref="fl-32"/>
      </object_component>
      <object_component id="oc-4c">
         <name>.int14</name>
         <load_address>0xfffc</load_address>
         <run_address>0xfffc</run_address>
         <size>0x2</size>
         <input_file_ref idref="fl-33"/>
      </object_component>
      <object_component id="oc-b4">
         <name>.reset</name>
         <load_address>0xfffe</load_address>
         <run_address>0xfffe</run_address>
         <size>0x2</size>
         <input_file_ref idref="fl-36"/>
      </object_component>
      <object_component id="oc-16c">
         <name>.debug_info</name>
         <load_address>0x0</load_address>
         <run_address>0x0</run_address>
         <size>0x585</size>
         <input_file_ref idref="fl-2"/>
      </object_component>
      <object_component id="oc-15f">
         <name>.debug_info</name>
         <load_address>0x585</load_address>
         <run_address>0x585</run_address>
         <size>0x225</size>
         <input_file_ref idref="fl-2"/>
      </object_component>
      <object_component id="oc-222">
         <name>.debug_info</name>
         <load_address>0x7aa</load_address>
         <run_address>0x7aa</run_address>
         <size>0xcf</size>
         <input_file_ref idref="fl-2"/>
      </object_component>
      <object_component id="oc-22e">
         <name>.debug_info</name>
         <load_address>0x879</load_address>
         <run_address>0x879</run_address>
         <size>0xcf</size>
         <input_file_ref idref="fl-2"/>
      </object_component>
      <object_component id="oc-225">
         <name>.debug_info</name>
         <load_address>0x948</load_address>
         <run_address>0x948</run_address>
         <size>0xc7</size>
         <input_file_ref idref="fl-2"/>
      </object_component>
      <object_component id="oc-144">
         <name>.debug_info</name>
         <load_address>0xa0f</load_address>
         <run_address>0xa0f</run_address>
         <size>0xc3</size>
         <input_file_ref idref="fl-2"/>
      </object_component>
      <object_component id="oc-308">
         <name>.debug_info</name>
         <load_address>0xad2</load_address>
         <run_address>0xad2</run_address>
         <size>0xca</size>
         <input_file_ref idref="fl-2"/>
      </object_component>
      <object_component id="oc-30b">
         <name>.debug_info</name>
         <load_address>0xb9c</load_address>
         <run_address>0xb9c</run_address>
         <size>0xca</size>
         <input_file_ref idref="fl-2"/>
      </object_component>
      <object_component id="oc-1f1">
         <name>.debug_info</name>
         <load_address>0xc66</load_address>
         <run_address>0xc66</run_address>
         <size>0x105</size>
         <input_file_ref idref="fl-2"/>
      </object_component>
      <object_component id="oc-1f6">
         <name>.debug_info</name>
         <load_address>0xd6b</load_address>
         <run_address>0xd6b</run_address>
         <size>0xf7</size>
         <input_file_ref idref="fl-2"/>
      </object_component>
      <object_component id="oc-2b8">
         <name>.debug_info</name>
         <load_address>0xe62</load_address>
         <run_address>0xe62</run_address>
         <size>0xf5</size>
         <input_file_ref idref="fl-2"/>
      </object_component>
      <object_component id="oc-2be">
         <name>.debug_info</name>
         <load_address>0xf57</load_address>
         <run_address>0xf57</run_address>
         <size>0xf7</size>
         <input_file_ref idref="fl-2"/>
      </object_component>
      <object_component id="oc-2c4">
         <name>.debug_info</name>
         <load_address>0x104e</load_address>
         <run_address>0x104e</run_address>
         <size>0x13a</size>
         <input_file_ref idref="fl-2"/>
      </object_component>
      <object_component id="oc-2ca">
         <name>.debug_info</name>
         <load_address>0x1188</load_address>
         <run_address>0x1188</run_address>
         <size>0xf5</size>
         <input_file_ref idref="fl-2"/>
      </object_component>
      <object_component id="oc-1fc">
         <name>.debug_info</name>
         <load_address>0x127d</load_address>
         <run_address>0x127d</run_address>
         <size>0x19b</size>
         <input_file_ref idref="fl-2"/>
      </object_component>
      <object_component id="oc-242">
         <name>.debug_info</name>
         <load_address>0x1418</load_address>
         <run_address>0x1418</run_address>
         <size>0x14e</size>
         <input_file_ref idref="fl-2"/>
      </object_component>
      <object_component id="oc-248">
         <name>.debug_info</name>
         <load_address>0x1566</load_address>
         <run_address>0x1566</run_address>
         <size>0x264</size>
         <input_file_ref idref="fl-2"/>
      </object_component>
      <object_component id="oc-391">
         <name>.debug_info</name>
         <load_address>0x17ca</load_address>
         <run_address>0x17ca</run_address>
         <size>0x145</size>
         <input_file_ref idref="fl-2"/>
      </object_component>
      <object_component id="oc-314">
         <name>.debug_info</name>
         <load_address>0x190f</load_address>
         <run_address>0x190f</run_address>
         <size>0x1ee</size>
         <input_file_ref idref="fl-2"/>
      </object_component>
      <object_component id="oc-24e">
         <name>.debug_info</name>
         <load_address>0x1afd</load_address>
         <run_address>0x1afd</run_address>
         <size>0x11d</size>
         <input_file_ref idref="fl-2"/>
      </object_component>
      <object_component id="oc-187">
         <name>.debug_info</name>
         <load_address>0x1c1a</load_address>
         <run_address>0x1c1a</run_address>
         <size>0x40b</size>
         <input_file_ref idref="fl-2"/>
      </object_component>
      <object_component id="oc-e8">
         <name>.debug_info</name>
         <load_address>0x2025</load_address>
         <run_address>0x2025</run_address>
         <size>0x13c</size>
         <input_file_ref idref="fl-2"/>
      </object_component>
      <object_component id="oc-e2">
         <name>.debug_info</name>
         <load_address>0x2161</load_address>
         <run_address>0x2161</run_address>
         <size>0x2e1</size>
         <input_file_ref idref="fl-2"/>
      </object_component>
      <object_component id="oc-1e1">
         <name>.debug_info</name>
         <load_address>0x2442</load_address>
         <run_address>0x2442</run_address>
         <size>0x26b</size>
         <input_file_ref idref="fl-2"/>
      </object_component>
      <object_component id="oc-ca">
         <name>.debug_info</name>
         <load_address>0x26ad</load_address>
         <run_address>0x26ad</run_address>
         <size>0x84</size>
         <input_file_ref idref="fl-2"/>
      </object_component>
      <object_component id="oc-1e7">
         <name>.debug_info</name>
         <load_address>0x2731</load_address>
         <run_address>0x2731</run_address>
         <size>0x282</size>
         <input_file_ref idref="fl-2"/>
      </object_component>
      <object_component id="oc-173">
         <name>.debug_info</name>
         <load_address>0x29b3</load_address>
         <run_address>0x29b3</run_address>
         <size>0xbb</size>
         <input_file_ref idref="fl-2"/>
      </object_component>
      <object_component id="oc-37a">
         <name>.debug_info</name>
         <load_address>0x2a6e</load_address>
         <run_address>0x2a6e</run_address>
         <size>0x2c</size>
         <input_file_ref idref="fl-2"/>
      </object_component>
      <object_component id="oc-304">
         <name>.debug_info</name>
         <load_address>0x2a9a</load_address>
         <run_address>0x2a9a</run_address>
         <size>0x20b</size>
         <input_file_ref idref="fl-1d"/>
      </object_component>
      <object_component id="oc-238">
         <name>.debug_info</name>
         <load_address>0x2ca5</load_address>
         <run_address>0x2ca5</run_address>
         <size>0x1c2</size>
         <input_file_ref idref="fl-1d"/>
      </object_component>
      <object_component id="oc-2f2">
         <name>.debug_info</name>
         <load_address>0x2e67</load_address>
         <run_address>0x2e67</run_address>
         <size>0x198</size>
         <input_file_ref idref="fl-1d"/>
      </object_component>
      <object_component id="oc-2f8">
         <name>.debug_info</name>
         <load_address>0x2fff</load_address>
         <run_address>0x2fff</run_address>
         <size>0x16d</size>
         <input_file_ref idref="fl-1d"/>
      </object_component>
      <object_component id="oc-3db">
         <name>.debug_info</name>
         <load_address>0x316c</load_address>
         <run_address>0x316c</run_address>
         <size>0x2c</size>
         <input_file_ref idref="fl-1d"/>
      </object_component>
      <object_component id="oc-310">
         <name>.debug_info</name>
         <load_address>0x3198</load_address>
         <run_address>0x3198</run_address>
         <size>0x135</size>
         <input_file_ref idref="fl-1e"/>
      </object_component>
      <object_component id="oc-38d">
         <name>.debug_info</name>
         <load_address>0x32cd</load_address>
         <run_address>0x32cd</run_address>
         <size>0x121</size>
         <input_file_ref idref="fl-1f"/>
      </object_component>
      <object_component id="oc-c0">
         <name>.debug_info</name>
         <load_address>0x33ee</load_address>
         <run_address>0x33ee</run_address>
         <size>0x12e</size>
         <input_file_ref idref="fl-20"/>
      </object_component>
      <object_component id="oc-21e">
         <name>.debug_info</name>
         <load_address>0x351c</load_address>
         <run_address>0x351c</run_address>
         <size>0x121</size>
         <input_file_ref idref="fl-21"/>
      </object_component>
      <object_component id="oc-162">
         <name>.debug_info</name>
         <load_address>0x363d</load_address>
         <run_address>0x363d</run_address>
         <size>0x12d</size>
         <input_file_ref idref="fl-22"/>
      </object_component>
      <object_component id="oc-207">
         <name>.debug_info</name>
         <load_address>0x376a</load_address>
         <run_address>0x376a</run_address>
         <size>0x121</size>
         <input_file_ref idref="fl-23"/>
      </object_component>
      <object_component id="oc-23e">
         <name>.debug_info</name>
         <load_address>0x388b</load_address>
         <run_address>0x388b</run_address>
         <size>0x12a</size>
         <input_file_ref idref="fl-24"/>
      </object_component>
      <object_component id="oc-21a">
         <name>.debug_info</name>
         <load_address>0x39b5</load_address>
         <run_address>0x39b5</run_address>
         <size>0x121</size>
         <input_file_ref idref="fl-25"/>
      </object_component>
      <object_component id="oc-167">
         <name>.debug_info</name>
         <load_address>0x3ad6</load_address>
         <run_address>0x3ad6</run_address>
         <size>0x121</size>
         <input_file_ref idref="fl-26"/>
      </object_component>
      <object_component id="oc-233">
         <name>.debug_info</name>
         <load_address>0x3bf7</load_address>
         <run_address>0x3bf7</run_address>
         <size>0x135</size>
         <input_file_ref idref="fl-27"/>
      </object_component>
      <object_component id="oc-204">
         <name>.debug_info</name>
         <load_address>0x3d2c</load_address>
         <run_address>0x3d2c</run_address>
         <size>0x127</size>
         <input_file_ref idref="fl-28"/>
      </object_component>
      <object_component id="oc-df">
         <name>.debug_info</name>
         <load_address>0x3e53</load_address>
         <run_address>0x3e53</run_address>
         <size>0x10f</size>
         <input_file_ref idref="fl-34"/>
      </object_component>
      <object_component id="oc-16e">
         <name>.debug_info</name>
         <load_address>0x3f62</load_address>
         <run_address>0x3f62</run_address>
         <size>0x121</size>
         <input_file_ref idref="fl-35"/>
      </object_component>
      <object_component id="oc-b2">
         <name>.debug_info</name>
         <load_address>0x4083</load_address>
         <run_address>0x4083</run_address>
         <size>0x100</size>
         <input_file_ref idref="fl-36"/>
      </object_component>
      <object_component id="oc-100">
         <name>.debug_info</name>
         <load_address>0x4183</load_address>
         <run_address>0x4183</run_address>
         <size>0x17a</size>
         <input_file_ref idref="fl-36"/>
      </object_component>
      <object_component id="oc-333">
         <name>.debug_info</name>
         <load_address>0x42fd</load_address>
         <run_address>0x42fd</run_address>
         <size>0x3de</size>
         <input_file_ref idref="fl-37"/>
      </object_component>
      <object_component id="oc-262">
         <name>.debug_info</name>
         <load_address>0x46db</load_address>
         <run_address>0x46db</run_address>
         <size>0x1e0</size>
         <input_file_ref idref="fl-37"/>
      </object_component>
      <object_component id="oc-3ae">
         <name>.debug_info</name>
         <load_address>0x48bb</load_address>
         <run_address>0x48bb</run_address>
         <size>0x39</size>
         <input_file_ref idref="fl-37"/>
      </object_component>
      <object_component id="oc-3ba">
         <name>.debug_info</name>
         <load_address>0x48f4</load_address>
         <run_address>0x48f4</run_address>
         <size>0x2c</size>
         <input_file_ref idref="fl-37"/>
      </object_component>
      <object_component id="oc-33e">
         <name>.debug_info</name>
         <load_address>0x4920</load_address>
         <run_address>0x4920</run_address>
         <size>0x2c</size>
         <input_file_ref idref="fl-37"/>
      </object_component>
      <object_component id="oc-3b3">
         <name>.debug_info</name>
         <load_address>0x494c</load_address>
         <run_address>0x494c</run_address>
         <size>0xcd</size>
         <input_file_ref idref="fl-37"/>
      </object_component>
      <object_component id="oc-136">
         <name>.debug_info</name>
         <load_address>0x4a19</load_address>
         <run_address>0x4a19</run_address>
         <size>0x2c</size>
         <input_file_ref idref="fl-38"/>
      </object_component>
      <object_component id="oc-184">
         <name>.debug_info</name>
         <load_address>0x4a45</load_address>
         <run_address>0x4a45</run_address>
         <size>0x153</size>
         <input_file_ref idref="fl-3b"/>
      </object_component>
      <object_component id="oc-32e">
         <name>.debug_info</name>
         <load_address>0x4b98</load_address>
         <run_address>0x4b98</run_address>
         <size>0x150</size>
         <input_file_ref idref="fl-3c"/>
      </object_component>
      <object_component id="oc-db">
         <name>.debug_info</name>
         <load_address>0x4ce8</load_address>
         <run_address>0x4ce8</run_address>
         <size>0x180</size>
         <input_file_ref idref="fl-3d"/>
      </object_component>
      <object_component id="oc-3b">
         <name>.debug_info</name>
         <load_address>0x4e68</load_address>
         <run_address>0x4e68</run_address>
         <size>0x1ea</size>
         <input_file_ref idref="fl-3d"/>
      </object_component>
      <object_component id="oc-d6">
         <name>.debug_info</name>
         <load_address>0x5052</load_address>
         <run_address>0x5052</run_address>
         <size>0x46</size>
         <input_file_ref idref="fl-3d"/>
      </object_component>
      <object_component id="oc-13b">
         <name>.debug_info</name>
         <load_address>0x5098</load_address>
         <run_address>0x5098</run_address>
         <size>0x2c</size>
         <input_file_ref idref="fl-3d"/>
      </object_component>
      <object_component id="oc-133">
         <name>.debug_info</name>
         <load_address>0x50c4</load_address>
         <run_address>0x50c4</run_address>
         <size>0x176</size>
         <input_file_ref idref="fl-3e"/>
      </object_component>
      <object_component id="oc-36">
         <name>.debug_info</name>
         <load_address>0x523a</load_address>
         <run_address>0x523a</run_address>
         <size>0x292</size>
         <input_file_ref idref="fl-3e"/>
      </object_component>
      <object_component id="oc-c5">
         <name>.debug_info</name>
         <load_address>0x54cc</load_address>
         <run_address>0x54cc</run_address>
         <size>0x60</size>
         <input_file_ref idref="fl-3e"/>
      </object_component>
      <object_component id="oc-1a2">
         <name>.debug_info</name>
         <load_address>0x552c</load_address>
         <run_address>0x552c</run_address>
         <size>0x46</size>
         <input_file_ref idref="fl-3e"/>
      </object_component>
      <object_component id="oc-12e">
         <name>.debug_info</name>
         <load_address>0x5572</load_address>
         <run_address>0x5572</run_address>
         <size>0x39</size>
         <input_file_ref idref="fl-3e"/>
      </object_component>
      <object_component id="oc-1d3">
         <name>.debug_info</name>
         <load_address>0x55ab</load_address>
         <run_address>0x55ab</run_address>
         <size>0x164</size>
         <input_file_ref idref="fl-3f"/>
      </object_component>
      <object_component id="oc-155">
         <name>.debug_info</name>
         <load_address>0x570f</load_address>
         <run_address>0x570f</run_address>
         <size>0x35e</size>
         <input_file_ref idref="fl-3f"/>
      </object_component>
      <object_component id="oc-2d8">
         <name>.debug_info</name>
         <load_address>0x5a6d</load_address>
         <run_address>0x5a6d</run_address>
         <size>0x165</size>
         <input_file_ref idref="fl-40"/>
      </object_component>
      <object_component id="oc-20c">
         <name>.debug_info</name>
         <load_address>0x5bd2</load_address>
         <run_address>0x5bd2</run_address>
         <size>0x1d4</size>
         <input_file_ref idref="fl-40"/>
      </object_component>
      <object_component id="oc-2d9">
         <name>.debug_info</name>
         <load_address>0x5da6</load_address>
         <run_address>0x5da6</run_address>
         <size>0xdb</size>
         <input_file_ref idref="fl-40"/>
      </object_component>
      <object_component id="oc-2e5">
         <name>.debug_info</name>
         <load_address>0x5e81</load_address>
         <run_address>0x5e81</run_address>
         <size>0x1a2</size>
         <input_file_ref idref="fl-41"/>
      </object_component>
      <object_component id="oc-212">
         <name>.debug_info</name>
         <load_address>0x6023</load_address>
         <run_address>0x6023</run_address>
         <size>0x28a</size>
         <input_file_ref idref="fl-41"/>
      </object_component>
      <object_component id="oc-1c1">
         <name>.debug_info</name>
         <load_address>0x62ad</load_address>
         <run_address>0x62ad</run_address>
         <size>0x94</size>
         <input_file_ref idref="fl-41"/>
      </object_component>
      <object_component id="oc-147">
         <name>.debug_info</name>
         <load_address>0x6341</load_address>
         <run_address>0x6341</run_address>
         <size>0x166</size>
         <input_file_ref idref="fl-42"/>
      </object_component>
      <object_component id="oc-299">
         <name>.debug_info</name>
         <load_address>0x64a7</load_address>
         <run_address>0x64a7</run_address>
         <size>0x16b</size>
         <input_file_ref idref="fl-43"/>
      </object_component>
      <object_component id="oc-1ae">
         <name>.debug_info</name>
         <load_address>0x6612</load_address>
         <run_address>0x6612</run_address>
         <size>0x21b</size>
         <input_file_ref idref="fl-43"/>
      </object_component>
      <object_component id="oc-365">
         <name>.debug_info</name>
         <load_address>0x682d</load_address>
         <run_address>0x682d</run_address>
         <size>0x172</size>
         <input_file_ref idref="fl-44"/>
      </object_component>
      <object_component id="oc-2e1">
         <name>.debug_info</name>
         <load_address>0x699f</load_address>
         <run_address>0x699f</run_address>
         <size>0x5cf</size>
         <input_file_ref idref="fl-44"/>
      </object_component>
      <object_component id="oc-1c0">
         <name>.debug_info</name>
         <load_address>0x6f6e</load_address>
         <run_address>0x6f6e</run_address>
         <size>0x197</size>
         <input_file_ref idref="fl-45"/>
      </object_component>
      <object_component id="oc-14d">
         <name>.debug_info</name>
         <load_address>0x7105</load_address>
         <run_address>0x7105</run_address>
         <size>0x2d2</size>
         <input_file_ref idref="fl-45"/>
      </object_component>
      <object_component id="oc-1da">
         <name>.debug_info</name>
         <load_address>0x73d7</load_address>
         <run_address>0x73d7</run_address>
         <size>0x165</size>
         <input_file_ref idref="fl-46"/>
      </object_component>
      <object_component id="oc-15b">
         <name>.debug_info</name>
         <load_address>0x753c</load_address>
         <run_address>0x753c</run_address>
         <size>0x208</size>
         <input_file_ref idref="fl-46"/>
      </object_component>
      <object_component id="oc-255">
         <name>.debug_info</name>
         <load_address>0x7744</load_address>
         <run_address>0x7744</run_address>
         <size>0x122</size>
         <input_file_ref idref="fl-47"/>
      </object_component>
      <object_component id="oc-135">
         <name>.debug_info</name>
         <load_address>0x7866</load_address>
         <run_address>0x7866</run_address>
         <size>0x181</size>
         <input_file_ref idref="fl-4a"/>
      </object_component>
      <object_component id="oc-d0">
         <name>.debug_info</name>
         <load_address>0x79e7</load_address>
         <run_address>0x79e7</run_address>
         <size>0x17a</size>
         <input_file_ref idref="fl-4a"/>
      </object_component>
      <object_component id="oc-2ed">
         <name>.debug_info</name>
         <load_address>0x7b61</load_address>
         <run_address>0x7b61</run_address>
         <size>0x17c</size>
         <input_file_ref idref="fl-4b"/>
      </object_component>
      <object_component id="oc-228">
         <name>.debug_info</name>
         <load_address>0x7cdd</load_address>
         <run_address>0x7cdd</run_address>
         <size>0x24d</size>
         <input_file_ref idref="fl-4b"/>
      </object_component>
      <object_component id="oc-379">
         <name>.debug_info</name>
         <load_address>0x7f2a</load_address>
         <run_address>0x7f2a</run_address>
         <size>0x2e2</size>
         <input_file_ref idref="fl-4c"/>
      </object_component>
      <object_component id="oc-3ce">
         <name>.debug_info</name>
         <load_address>0x820c</load_address>
         <run_address>0x820c</run_address>
         <size>0x2c7</size>
         <input_file_ref idref="fl-4c"/>
      </object_component>
      <object_component id="oc-373">
         <name>.debug_info</name>
         <load_address>0x84d3</load_address>
         <run_address>0x84d3</run_address>
         <size>0x28f</size>
         <input_file_ref idref="fl-4c"/>
      </object_component>
      <object_component id="oc-2ff">
         <name>.debug_info</name>
         <load_address>0x8762</load_address>
         <run_address>0x8762</run_address>
         <size>0x316</size>
         <input_file_ref idref="fl-4c"/>
      </object_component>
      <object_component id="oc-37f">
         <name>.debug_info</name>
         <load_address>0x8a78</load_address>
         <run_address>0x8a78</run_address>
         <size>0x86</size>
         <input_file_ref idref="fl-4c"/>
      </object_component>
      <object_component id="oc-3f3">
         <name>.debug_info</name>
         <load_address>0x8afe</load_address>
         <run_address>0x8afe</run_address>
         <size>0x39</size>
         <input_file_ref idref="fl-4c"/>
      </object_component>
      <object_component id="oc-1b6">
         <name>.debug_info</name>
         <load_address>0x8b37</load_address>
         <run_address>0x8b37</run_address>
         <size>0x120</size>
         <input_file_ref idref="fl-4d"/>
      </object_component>
      <object_component id="oc-2d5">
         <name>.debug_info</name>
         <load_address>0x8c57</load_address>
         <run_address>0x8c57</run_address>
         <size>0x126</size>
         <input_file_ref idref="fl-4e"/>
      </object_component>
      <object_component id="oc-b6">
         <name>.debug_info</name>
         <load_address>0x8d7d</load_address>
         <run_address>0x8d7d</run_address>
         <size>0x120</size>
         <input_file_ref idref="fl-4f"/>
      </object_component>
      <object_component id="oc-1d6">
         <name>.debug_info</name>
         <load_address>0x8e9d</load_address>
         <run_address>0x8e9d</run_address>
         <size>0x126</size>
         <input_file_ref idref="fl-50"/>
      </object_component>
      <object_component id="oc-bc">
         <name>.debug_info</name>
         <load_address>0x8fc3</load_address>
         <run_address>0x8fc3</run_address>
         <size>0x120</size>
         <input_file_ref idref="fl-51"/>
      </object_component>
      <object_component id="oc-295">
         <name>.debug_info</name>
         <load_address>0x90e3</load_address>
         <run_address>0x90e3</run_address>
         <size>0x126</size>
         <input_file_ref idref="fl-52"/>
      </object_component>
      <object_component id="oc-360">
         <name>.debug_info</name>
         <load_address>0x9209</load_address>
         <run_address>0x9209</run_address>
         <size>0x121</size>
         <input_file_ref idref="fl-53"/>
      </object_component>
      <object_component id="oc-1c9">
         <name>.debug_info</name>
         <load_address>0x932a</load_address>
         <run_address>0x932a</run_address>
         <size>0x193</size>
         <input_file_ref idref="fl-55"/>
      </object_component>
      <object_component id="oc-1d0">
         <name>.debug_info</name>
         <load_address>0x94bd</load_address>
         <run_address>0x94bd</run_address>
         <size>0x193</size>
         <input_file_ref idref="fl-56"/>
      </object_component>
      <object_component id="oc-2a9">
         <name>.debug_info</name>
         <load_address>0x9650</load_address>
         <run_address>0x9650</run_address>
         <size>0x193</size>
         <input_file_ref idref="fl-57"/>
      </object_component>
      <object_component id="oc-1ba">
         <name>.debug_info</name>
         <load_address>0x97e3</load_address>
         <run_address>0x97e3</run_address>
         <size>0x239</size>
         <input_file_ref idref="fl-58"/>
      </object_component>
      <object_component id="oc-3f9">
         <name>.debug_info</name>
         <load_address>0x9a1c</load_address>
         <run_address>0x9a1c</run_address>
         <size>0x17f</size>
         <input_file_ref idref="fl-59"/>
      </object_component>
      <object_component id="oc-3d6">
         <name>.debug_info</name>
         <load_address>0x9b9b</load_address>
         <run_address>0x9b9b</run_address>
         <size>0x1b8</size>
         <input_file_ref idref="fl-59"/>
      </object_component>
      <object_component id="oc-3f1">
         <name>.debug_info</name>
         <load_address>0x9d53</load_address>
         <run_address>0x9d53</run_address>
         <size>0x16d</size>
         <input_file_ref idref="fl-5a"/>
      </object_component>
      <object_component id="oc-3c7">
         <name>.debug_info</name>
         <load_address>0x9ec0</load_address>
         <run_address>0x9ec0</run_address>
         <size>0x275</size>
         <input_file_ref idref="fl-5a"/>
      </object_component>
      <object_component id="oc-3c4">
         <name>.debug_info</name>
         <load_address>0xa135</load_address>
         <run_address>0xa135</run_address>
         <size>0x162</size>
         <input_file_ref idref="fl-5b"/>
      </object_component>
      <object_component id="oc-36e">
         <name>.debug_info</name>
         <load_address>0xa297</load_address>
         <run_address>0xa297</run_address>
         <size>0x230</size>
         <input_file_ref idref="fl-5b"/>
      </object_component>
      <object_component id="oc-2a3">
         <name>.debug_info</name>
         <load_address>0xa4c7</load_address>
         <run_address>0xa4c7</run_address>
         <size>0x139</size>
         <input_file_ref idref="fl-5c"/>
      </object_component>
      <object_component id="oc-29d">
         <name>.debug_info</name>
         <load_address>0xa600</load_address>
         <run_address>0xa600</run_address>
         <size>0x20b</size>
         <input_file_ref idref="fl-5d"/>
      </object_component>
      <object_component id="oc-353">
         <name>.debug_info</name>
         <load_address>0xa80b</load_address>
         <run_address>0xa80b</run_address>
         <size>0x125</size>
         <input_file_ref idref="fl-5e"/>
      </object_component>
      <object_component id="oc-441">
         <name>.debug_info</name>
         <load_address>0xa930</load_address>
         <run_address>0xa930</run_address>
         <size>0x9c</size>
      </object_component>
      <object_component id="oc-1e0">
         <name>.debug_line</name>
         <load_address>0x0</load_address>
         <run_address>0x0</run_address>
         <size>0xf6</size>
         <input_file_ref idref="fl-2"/>
      </object_component>
      <object_component id="oc-1dc">
         <name>.debug_line</name>
         <load_address>0xf6</load_address>
         <run_address>0xf6</run_address>
         <size>0x2d</size>
         <input_file_ref idref="fl-2"/>
      </object_component>
      <object_component id="oc-2e9">
         <name>.debug_line</name>
         <load_address>0x123</load_address>
         <run_address>0x123</run_address>
         <size>0x2d</size>
         <input_file_ref idref="fl-2"/>
      </object_component>
      <object_component id="oc-2ef">
         <name>.debug_line</name>
         <load_address>0x150</load_address>
         <run_address>0x150</run_address>
         <size>0x2d</size>
         <input_file_ref idref="fl-2"/>
      </object_component>
      <object_component id="oc-2eb">
         <name>.debug_line</name>
         <load_address>0x17d</load_address>
         <run_address>0x17d</run_address>
         <size>0x2d</size>
         <input_file_ref idref="fl-2"/>
      </object_component>
      <object_component id="oc-1ac">
         <name>.debug_line</name>
         <load_address>0x1aa</load_address>
         <run_address>0x1aa</run_address>
         <size>0x2d</size>
         <input_file_ref idref="fl-2"/>
      </object_component>
      <object_component id="oc-387">
         <name>.debug_line</name>
         <load_address>0x1d7</load_address>
         <run_address>0x1d7</run_address>
         <size>0x2d</size>
         <input_file_ref idref="fl-2"/>
      </object_component>
      <object_component id="oc-389">
         <name>.debug_line</name>
         <load_address>0x204</load_address>
         <run_address>0x204</run_address>
         <size>0x2d</size>
         <input_file_ref idref="fl-2"/>
      </object_component>
      <object_component id="oc-1f0">
         <name>.debug_line</name>
         <load_address>0x231</load_address>
         <run_address>0x231</run_address>
         <size>0x46</size>
         <input_file_ref idref="fl-2"/>
      </object_component>
      <object_component id="oc-1f9">
         <name>.debug_line</name>
         <load_address>0x277</load_address>
         <run_address>0x277</run_address>
         <size>0x49</size>
         <input_file_ref idref="fl-2"/>
      </object_component>
      <object_component id="oc-2bc">
         <name>.debug_line</name>
         <load_address>0x2c0</load_address>
         <run_address>0x2c0</run_address>
         <size>0x42</size>
         <input_file_ref idref="fl-2"/>
      </object_component>
      <object_component id="oc-2c1">
         <name>.debug_line</name>
         <load_address>0x302</load_address>
         <run_address>0x302</run_address>
         <size>0x51</size>
         <input_file_ref idref="fl-2"/>
      </object_component>
      <object_component id="oc-2c8">
         <name>.debug_line</name>
         <load_address>0x353</load_address>
         <run_address>0x353</run_address>
         <size>0x7b</size>
         <input_file_ref idref="fl-2"/>
      </object_component>
      <object_component id="oc-2ce">
         <name>.debug_line</name>
         <load_address>0x3ce</load_address>
         <run_address>0x3ce</run_address>
         <size>0x51</size>
         <input_file_ref idref="fl-2"/>
      </object_component>
      <object_component id="oc-1ff">
         <name>.debug_line</name>
         <load_address>0x41f</load_address>
         <run_address>0x41f</run_address>
         <size>0x52</size>
         <input_file_ref idref="fl-2"/>
      </object_component>
      <object_component id="oc-245">
         <name>.debug_line</name>
         <load_address>0x471</load_address>
         <run_address>0x471</run_address>
         <size>0x4b</size>
         <input_file_ref idref="fl-2"/>
      </object_component>
      <object_component id="oc-24b">
         <name>.debug_line</name>
         <load_address>0x4bc</load_address>
         <run_address>0x4bc</run_address>
         <size>0x60</size>
         <input_file_ref idref="fl-2"/>
      </object_component>
      <object_component id="oc-394">
         <name>.debug_line</name>
         <load_address>0x51c</load_address>
         <run_address>0x51c</run_address>
         <size>0x46</size>
         <input_file_ref idref="fl-2"/>
      </object_component>
      <object_component id="oc-317">
         <name>.debug_line</name>
         <load_address>0x562</load_address>
         <run_address>0x562</run_address>
         <size>0x59</size>
         <input_file_ref idref="fl-2"/>
      </object_component>
      <object_component id="oc-252">
         <name>.debug_line</name>
         <load_address>0x5bb</load_address>
         <run_address>0x5bb</run_address>
         <size>0x44</size>
         <input_file_ref idref="fl-2"/>
      </object_component>
      <object_component id="oc-18a">
         <name>.debug_line</name>
         <load_address>0x5ff</load_address>
         <run_address>0x5ff</run_address>
         <size>0x8f</size>
         <input_file_ref idref="fl-2"/>
      </object_component>
      <object_component id="oc-eb">
         <name>.debug_line</name>
         <load_address>0x68e</load_address>
         <run_address>0x68e</run_address>
         <size>0x53</size>
         <input_file_ref idref="fl-2"/>
      </object_component>
      <object_component id="oc-e5">
         <name>.debug_line</name>
         <load_address>0x6e1</load_address>
         <run_address>0x6e1</run_address>
         <size>0xb5</size>
         <input_file_ref idref="fl-2"/>
      </object_component>
      <object_component id="oc-1e4">
         <name>.debug_line</name>
         <load_address>0x796</load_address>
         <run_address>0x796</run_address>
         <size>0x72</size>
         <input_file_ref idref="fl-2"/>
      </object_component>
      <object_component id="oc-cd">
         <name>.debug_line</name>
         <load_address>0x808</load_address>
         <run_address>0x808</run_address>
         <size>0x20</size>
         <input_file_ref idref="fl-2"/>
      </object_component>
      <object_component id="oc-1ea">
         <name>.debug_line</name>
         <load_address>0x828</load_address>
         <run_address>0x828</run_address>
         <size>0x76</size>
         <input_file_ref idref="fl-2"/>
      </object_component>
      <object_component id="oc-176">
         <name>.debug_line</name>
         <load_address>0x89e</load_address>
         <run_address>0x89e</run_address>
         <size>0x73</size>
         <input_file_ref idref="fl-2"/>
      </object_component>
      <object_component id="oc-37d">
         <name>.debug_line</name>
         <load_address>0x911</load_address>
         <run_address>0x911</run_address>
         <size>0x6e</size>
         <input_file_ref idref="fl-2"/>
      </object_component>
      <object_component id="oc-385">
         <name>.debug_line</name>
         <load_address>0x97f</load_address>
         <run_address>0x97f</run_address>
         <size>0x2d</size>
         <input_file_ref idref="fl-1d"/>
      </object_component>
      <object_component id="oc-237">
         <name>.debug_line</name>
         <load_address>0x9ac</load_address>
         <run_address>0x9ac</run_address>
         <size>0x47</size>
         <input_file_ref idref="fl-1d"/>
      </object_component>
      <object_component id="oc-2f5">
         <name>.debug_line</name>
         <load_address>0x9f3</load_address>
         <run_address>0x9f3</run_address>
         <size>0x42</size>
[...]
      </symbol>
      <symbol id="sm-37c">
         <name>__mspabi_addd</name>
         <value>0xc000</value>
         <object_component_ref idref="oc-152"/>
      </symbol>
      <symbol id="sm-392">
         <name>__mspabi_cvtfd</name>
         <value>0xe28a</value>
         <object_component_ref idref="oc-20b"/>
      </symbol>
      <symbol id="sm-3b8">
         <name>__mspabi_divd</name>
         <value>0xd47c</value>
         <object_component_ref idref="oc-211"/>
      </symbol>
      <symbol id="sm-3c1">
         <name>__mspabi_fltid</name>
         <value>0xea0e</value>
         <object_component_ref idref="oc-146"/>
      </symbol>
      <symbol id="sm-3d8">
         <name>__mspabi_fltlid</name>
         <value>0xdf92</value>
         <object_component_ref idref="oc-1ad"/>
      </symbol>
      <symbol id="sm-3f3">
         <name>__TI_frcdivd</name>
         <value>0xc736</value>
         <object_component_ref idref="oc-2de"/>
      </symbol>
      <symbol id="sm-419">
         <name>__mspabi_mpyd</name>
         <value>0xcf20</value>
         <object_component_ref idref="oc-14c"/>
      </symbol>
      <symbol id="sm-42e">
         <name>__mspabi_cvtdf</name>
         <value>0xdede</value>
         <object_component_ref idref="oc-158"/>
      </symbol>
      <symbol id="sm-438">
         <name>C$$EXIT</name>
         <value>0xea34</value>
         <object_component_ref idref="oc-254"/>
      </symbol>
      <symbol id="sm-439">
         <name>abort</name>
         <value>0xea34</value>
         <object_component_ref idref="oc-254"/>
      </symbol>
      <symbol id="sm-449">
         <name>memcpy</name>
         <value>0xe9ce</value>
         <object_component_ref idref="oc-cf"/>
      </symbol>
      <symbol id="sm-456">
         <name>strcpy</name>
         <value>0xe9f0</value>
         <object_component_ref idref="oc-227"/>
      </symbol>
      <symbol id="sm-49f">
         <name>__TI_printfi_minimal</name>
         <value>0xdb82</value>
         <object_component_ref idref="oc-2fd"/>
      </symbol>
      <symbol id="sm-4a7">
         <name>__mspabi_srai</name>
         <value>0xe7ca</value>
         <object_component_ref idref="oc-1b4"/>
      </symbol>
      <symbol id="sm-4a8">
         <name>__mspabi_srai_8</name>
         <value>0xe7e4</value>
         <object_component_ref idref="oc-1b4"/>
      </symbol>
      <symbol id="sm-4a9">
         <name>__mspabi_srai_9</name>
         <value>0xe7e2</value>
         <object_component_ref idref="oc-1b4"/>
      </symbol>
      <symbol id="sm-4aa">
         <name>__mspabi_srai_6</name>
         <value>0xe7e8</value>
         <object_component_ref idref="oc-1b4"/>
      </symbol>
      <symbol id="sm-4ab">
         <name>__mspabi_srai_7</name>
         <value>0xe7e6</value>
         <object_component_ref idref="oc-1b4"/>
      </symbol>
      <symbol id="sm-4ac">
         <name>__mspabi_srai_4</name>
         <value>0xe7ec</value>
         <object_component_ref idref="oc-1b4"/>
      </symbol>
      <symbol id="sm-4ad">
         <name>__mspabi_srai_5</name>
         <value>0xe7ea</value>
         <object_component_ref idref="oc-1b4"/>
      </symbol>
      <symbol id="sm-4ae">
         <name>__mspabi_srai_2</name>
         <value>0xe7f0</value>
         <object_component_ref idref="oc-1b4"/>
      </symbol>
      <symbol id="sm-4af">
         <name>__mspabi_srai_3</name>
         <value>0xe7ee</value>
         <object_component_ref idref="oc-1b4"/>
      </symbol>
      <symbol id="sm-4b0">
         <name>__mspabi_srai_1</name>
         <value>0xe7f2</value>
         <object_component_ref idref="oc-1b4"/>
      </symbol>
      <symbol id="sm-4b1">
         <name>__mspabi_srai_15</name>
         <value>0xe7d6</value>
         <object_component_ref idref="oc-1b4"/>
      </symbol>
      <symbol id="sm-4b2">
         <name>__mspabi_srai_14</name>
         <value>0xe7d8</value>
         <object_component_ref idref="oc-1b4"/>
      </symbol>
      <symbol id="sm-4b3">
         <name>__mspabi_srai_13</name>
         <value>0xe7da</value>
         <object_component_ref idref="oc-1b4"/>
      </symbol>
      <symbol id="sm-4b4">
         <name>__mspabi_srai_12</name>
         <value>0xe7dc</value>
         <object_component_ref idref="oc-1b4"/>
      </symbol>
      <symbol id="sm-4b5">
         <name>__mspabi_srai_11</name>
         <value>0xe7de</value>
         <object_component_ref idref="oc-1b4"/>
      </symbol>
      <symbol id="sm-4b6">
         <name>__mspabi_srai_10</name>
         <value>0xe7e0</value>
         <object_component_ref idref="oc-1b4"/>
      </symbol>
      <symbol id="sm-4be">
         <name>__mspabi_sral_15</name>
         <value>0xe612</value>
         <object_component_ref idref="oc-2d2"/>
      </symbol>
      <symbol id="sm-4bf">
         <name>__mspabi_sral_14</name>
         <value>0xe616</value>
         <object_component_ref idref="oc-2d2"/>
      </symbol>
      <symbol id="sm-4c0">
         <name>__mspabi_sral_13</name>
         <value>0xe61a</value>
         <object_component_ref idref="oc-2d2"/>
      </symbol>
      <symbol id="sm-4c1">
         <name>__mspabi_sral_12</name>
         <value>0xe61e</value>
         <object_component_ref idref="oc-2d2"/>
      </symbol>
      <symbol id="sm-4c2">
         <name>__mspabi_sral_11</name>
         <value>0xe622</value>
         <object_component_ref idref="oc-2d2"/>
      </symbol>
      <symbol id="sm-4c3">
         <name>__mspabi_sral_10</name>
         <value>0xe626</value>
         <object_component_ref idref="oc-2d2"/>
      </symbol>
      <symbol id="sm-4c4">
         <name>__mspabi_sral_8</name>
         <value>0xe62e</value>
         <object_component_ref idref="oc-2d2"/>
      </symbol>
      <symbol id="sm-4c5">
         <name>__mspabi_sral_9</name>
         <value>0xe62a</value>
         <object_component_ref idref="oc-2d2"/>
      </symbol>
      <symbol id="sm-4c6">
         <name>__mspabi_sral_6</name>
         <value>0xe636</value>
         <object_component_ref idref="oc-2d2"/>
      </symbol>
      <symbol id="sm-4c7">
         <name>__mspabi_sral_7</name>
         <value>0xe632</value>
         <object_component_ref idref="oc-2d2"/>
      </symbol>
      <symbol id="sm-4c8">
         <name>__mspabi_sral_4</name>
         <value>0xe63e</value>
         <object_component_ref idref="oc-2d2"/>
      </symbol>
      <symbol id="sm-4c9">
         <name>__mspabi_sral_5</name>
         <value>0xe63a</value>
         <object_component_ref idref="oc-2d2"/>
      </symbol>
      <symbol id="sm-4ca">
         <name>__mspabi_sral_2</name>
         <value>0xe646</value>
         <object_component_ref idref="oc-2d2"/>
      </symbol>
      <symbol id="sm-4cb">
         <name>__mspabi_sral_3</name>
         <value>0xe642</value>
         <object_component_ref idref="oc-2d2"/>
      </symbol>
      <symbol id="sm-4cc">
         <name>__mspabi_sral_1</name>
         <value>0xe64a</value>
         <object_component_ref idref="oc-2d2"/>
      </symbol>
      <symbol id="sm-4d4">
         <name>__mspabi_slli</name>
         <value>0xe822</value>
         <object_component_ref idref="oc-b5"/>
      </symbol>
      <symbol id="sm-4d5">
         <name>__mspabi_slli_9</name>
         <value>0xe83a</value>
         <object_component_ref idref="oc-b5"/>
      </symbol>
      <symbol id="sm-4d6">
         <name>__mspabi_slli_8</name>
         <value>0xe83c</value>
         <object_component_ref idref="oc-b5"/>
      </symbol>
      <symbol id="sm-4d7">
         <name>__mspabi_slli_7</name>
         <value>0xe83e</value>
         <object_component_ref idref="oc-b5"/>
      </symbol>
      <symbol id="sm-4d8">
         <name>__mspabi_slli_6</name>
         <value>0xe840</value>
         <object_component_ref idref="oc-b5"/>
      </symbol>
      <symbol id="sm-4d9">
         <name>__mspabi_slli_5</name>
         <value>0xe842</value>
         <object_component_ref idref="oc-b5"/>
      </symbol>
      <symbol id="sm-4da">
         <name>__mspabi_slli_4</name>
         <value>0xe844</value>
         <object_component_ref idref="oc-b5"/>
      </symbol>
      <symbol id="sm-4db">
         <name>__mspabi_slli_3</name>
         <value>0xe846</value>
         <object_component_ref idref="oc-b5"/>
      </symbol>
      <symbol id="sm-4dc">
         <name>__mspabi_slli_2</name>
         <value>0xe848</value>
         <object_component_ref idref="oc-b5"/>
      </symbol>
      <symbol id="sm-4dd">
         <name>__mspabi_slli_1</name>
         <value>0xe84a</value>
         <object_component_ref idref="oc-b5"/>
      </symbol>
      <symbol id="sm-4de">
         <name>__mspabi_slli_15</name>
         <value>0xe82e</value>
         <object_component_ref idref="oc-b5"/>
      </symbol>
      <symbol id="sm-4df">
         <name>__mspabi_slli_14</name>
         <value>0xe830</value>
         <object_component_ref idref="oc-b5"/>
      </symbol>
      <symbol id="sm-4e0">
         <name>__mspabi_slli_13</name>
         <value>0xe832</value>
         <object_component_ref idref="oc-b5"/>
      </symbol>
      <symbol id="sm-4e1">
         <name>__mspabi_slli_12</name>
         <value>0xe834</value>
         <object_component_ref idref="oc-b5"/>
      </symbol>
      <symbol id="sm-4e2">
         <name>__mspabi_slli_11</name>
         <value>0xe836</value>
         <object_component_ref idref="oc-b5"/>
      </symbol>
      <symbol id="sm-4e3">
         <name>__mspabi_slli_10</name>
         <value>0xe838</value>
         <object_component_ref idref="oc-b5"/>
      </symbol>
      <symbol id="sm-4eb">
         <name>__mspabi_slll_9</name>
         <value>0xe668</value>
         <object_component_ref idref="oc-1d4"/>
      </symbol>
      <symbol id="sm-4ec">
         <name>__mspabi_slll_8</name>
         <value>0xe66c</value>
         <object_component_ref idref="oc-1d4"/>
      </symbol>
      <symbol id="sm-4ed">
         <name>__mspabi_slll_7</name>
         <value>0xe670</value>
         <object_component_ref idref="oc-1d4"/>
      </symbol>
      <symbol id="sm-4ee">
         <name>__mspabi_slll_6</name>
         <value>0xe674</value>
         <object_component_ref idref="oc-1d4"/>
      </symbol>
      <symbol id="sm-4ef">
         <name>__mspabi_slll_5</name>
         <value>0xe678</value>
         <object_component_ref idref="oc-1d4"/>
      </symbol>
      <symbol id="sm-4f0">
         <name>__mspabi_slll_4</name>
         <value>0xe67c</value>
         <object_component_ref idref="oc-1d4"/>
      </symbol>
      <symbol id="sm-4f1">
         <name>__mspabi_slll_3</name>
         <value>0xe680</value>
         <object_component_ref idref="oc-1d4"/>
      </symbol>
      <symbol id="sm-4f2">
         <name>__mspabi_slll_2</name>
         <value>0xe684</value>
         <object_component_ref idref="oc-1d4"/>
      </symbol>
      <symbol id="sm-4f3">
         <name>__mspabi_slll_1</name>
         <value>0xe688</value>
         <object_component_ref idref="oc-1d4"/>
      </symbol>
      <symbol id="sm-4f4">
         <name>__mspabi_slll_15</name>
         <value>0xe650</value>
         <object_component_ref idref="oc-1d4"/>
      </symbol>
      <symbol id="sm-4f5">
         <name>__mspabi_slll_14</name>
         <value>0xe654</value>
         <object_component_ref idref="oc-1d4"/>
      </symbol>
      <symbol id="sm-4f6">
         <name>__mspabi_slll_13</name>
         <value>0xe658</value>
         <object_component_ref idref="oc-1d4"/>
      </symbol>
      <symbol id="sm-4f7">
         <name>__mspabi_slll_12</name>
         <value>0xe65c</value>
         <object_component_ref idref="oc-1d4"/>
      </symbol>
      <symbol id="sm-4f8">
         <name>__mspabi_slll_11</name>
         <value>0xe660</value>
         <object_component_ref idref="oc-1d4"/>
      </symbol>
      <symbol id="sm-4f9">
         <name>__mspabi_slll_10</name>
         <value>0xe664</value>
         <object_component_ref idref="oc-1d4"/>
      </symbol>
      <symbol id="sm-501">
         <name>__mspabi_srli_8</name>
         <value>0xe44a</value>
         <object_component_ref idref="oc-ba"/>
      </symbol>
      <symbol id="sm-502">
         <name>__mspabi_srli_9</name>
         <value>0xe446</value>
         <object_component_ref idref="oc-ba"/>
      </symbol>
      <symbol id="sm-503">
         <name>__mspabi_srli_6</name>
         <value>0xe452</value>
         <object_component_ref idref="oc-ba"/>
      </symbol>
      <symbol id="sm-504">
         <name>__mspabi_srli_7</name>
         <value>0xe44e</value>
         <object_component_ref idref="oc-ba"/>
      </symbol>
      <symbol id="sm-505">
         <name>__mspabi_srli_4</name>
         <value>0xe45a</value>
         <object_component_ref idref="oc-ba"/>
      </symbol>
      <symbol id="sm-506">
         <name>__mspabi_srli_5</name>
         <value>0xe456</value>
         <object_component_ref idref="oc-ba"/>
      </symbol>
      <symbol id="sm-507">
         <name>__mspabi_srli_2</name>
         <value>0xe462</value>
         <object_component_ref idref="oc-ba"/>
      </symbol>
      <symbol id="sm-508">
         <name>__mspabi_srli_3</name>
         <value>0xe45e</value>
         <object_component_ref idref="oc-ba"/>
      </symbol>
      <symbol id="sm-509">
         <name>__mspabi_srli_1</name>
         <value>0xe466</value>
         <object_component_ref idref="oc-ba"/>
      </symbol>
      <symbol id="sm-50a">
         <name>__mspabi_srli</name>
         <value>0xe420</value>
         <object_component_ref idref="oc-ba"/>
      </symbol>
      <symbol id="sm-50b">
         <name>__mspabi_srli_15</name>
         <value>0xe42e</value>
         <object_component_ref idref="oc-ba"/>
      </symbol>
      <symbol id="sm-50c">
         <name>__mspabi_srli_14</name>
         <value>0xe432</value>
         <object_component_ref idref="oc-ba"/>
      </symbol>
      <symbol id="sm-50d">
         <name>__mspabi_srli_13</name>
         <value>0xe436</value>
         <object_component_ref idref="oc-ba"/>
      </symbol>
      <symbol id="sm-50e">
         <name>__mspabi_srli_12</name>
         <value>0xe43a</value>
         <object_component_ref idref="oc-ba"/>
      </symbol>
      <symbol id="sm-50f">
         <name>__mspabi_srli_11</name>
         <value>0xe43e</value>
         <object_component_ref idref="oc-ba"/>
      </symbol>
      <symbol id="sm-510">
         <name>__mspabi_srli_10</name>
         <value>0xe442</value>
         <object_component_ref idref="oc-ba"/>
      </symbol>
      <symbol id="sm-518">
         <name>__mspabi_srll_8</name>
         <value>0xe3ee</value>
         <object_component_ref idref="oc-293"/>
      </symbol>
      <symbol id="sm-519">
         <name>__mspabi_srll_9</name>
         <value>0xe3e8</value>
         <object_component_ref idref="oc-293"/>
      </symbol>
      <symbol id="sm-51a">
         <name>__mspabi_srll_6</name>
         <value>0xe3fa</value>
         <object_component_ref idref="oc-293"/>
      </symbol>
      <symbol id="sm-51b">
         <name>__mspabi_srll_7</name>
         <value>0xe3f4</value>
         <object_component_ref idref="oc-293"/>
      </symbol>
      <symbol id="sm-51c">
         <name>__mspabi_srll_4</name>
         <value>0xe406</value>
         <object_component_ref idref="oc-293"/>
      </symbol>
      <symbol id="sm-51d">
         <name>__mspabi_srll_5</name>
         <value>0xe400</value>
         <object_component_ref idref="oc-293"/>
      </symbol>
      <symbol id="sm-51e">
         <name>__mspabi_srll_2</name>
         <value>0xe412</value>
         <object_component_ref idref="oc-293"/>
      </symbol>
      <symbol id="sm-51f">
         <name>__mspabi_srll_3</name>
         <value>0xe40c</value>
         <object_component_ref idref="oc-293"/>
      </symbol>
      <symbol id="sm-520">
         <name>__mspabi_srll_1</name>
         <value>0xe418</value>
         <object_component_ref idref="oc-293"/>
      </symbol>
      <symbol id="sm-521">
         <name>__mspabi_srll_15</name>
         <value>0xe3c4</value>
         <object_component_ref idref="oc-293"/>
      </symbol>
      <symbol id="sm-522">
         <name>__mspabi_srll_14</name>
         <value>0xe3ca</value>
         <object_component_ref idref="oc-293"/>
      </symbol>
      <symbol id="sm-523">
         <name>__mspabi_srll_13</name>
         <value>0xe3d0</value>
         <object_component_ref idref="oc-293"/>
      </symbol>
      <symbol id="sm-524">
         <name>__mspabi_srll_12</name>
         <value>0xe3d6</value>
         <object_component_ref idref="oc-293"/>
      </symbol>
      <symbol id="sm-525">
         <name>__mspabi_srll_11</name>
         <value>0xe3dc</value>
         <object_component_ref idref="oc-293"/>
      </symbol>
      <symbol id="sm-526">
         <name>__mspabi_srll_10</name>
         <value>0xe3e2</value>
         <object_component_ref idref="oc-293"/>
      </symbol>
      <symbol id="sm-530">
         <name>__mspabi_mpyi_sw</name>
         <value>0xe996</value>
         <object_component_ref idref="oc-35f"/>
      </symbol>
      <symbol id="sm-531">
         <name>__mspabi_mpyi</name>
         <value>0xe996</value>
         <object_component_ref idref="oc-35f"/>
      </symbol>
      <symbol id="sm-53f">
         <name>__mspabi_srall</name>
         <value>0xe46c</value>
         <object_component_ref idref="oc-1c6"/>
      </symbol>
      <symbol id="sm-54c">
         <name>__mspabi_sllll</name>
         <value>0xe58c</value>
         <object_component_ref idref="oc-1cc"/>
      </symbol>
      <symbol id="sm-559">
         <name>__mspabi_srlll</name>
         <value>0xe546</value>
         <object_component_ref idref="oc-2a5"/>
      </symbol>
      <symbol id="sm-564">
         <name>__TI_frcmpyd</name>
         <value>0xd6b4</value>
         <object_component_ref idref="oc-1b9"/>
      </symbol>
      <symbol id="sm-573">
         <name>memccpy</name>
         <value>0xe896</value>
         <object_component_ref idref="oc-3d2"/>
      </symbol>
      <symbol id="sm-581">
         <name>memset</name>
         <value>0xe982</value>
         <object_component_ref idref="oc-3c5"/>
      </symbol>
      <symbol id="sm-58e">
         <name>strlen</name>
         <value>0xea00</value>
         <object_component_ref idref="oc-36c"/>
      </symbol>
      <symbol id="sm-596">
         <name>__mspabi_mpyull_sw</name>
         <value>0xe8b8</value>
         <object_component_ref idref="oc-2a0"/>
      </symbol>
      <symbol id="sm-597">
         <name>__mspabi_mpyull</name>
         <value>0xe8b8</value>
         <object_component_ref idref="oc-2a0"/>
      </symbol>
      <symbol id="sm-59f">
         <name>__mspabi_mpyll</name>
         <value>0xda6e</value>
         <object_component_ref idref="oc-29b"/>
      </symbol>
      <symbol id="sm-5a0">
         <name>__mspabi_mpyll_sw</name>
         <value>0xda6e</value>
         <object_component_ref idref="oc-29b"/>
      </symbol>
      <symbol id="sm-5ab">
         <name>__mspabi_mpyul_sw</name>
         <value>0xe874</value>
         <object_component_ref idref="oc-350"/>
      </symbol>
      <symbol id="sm-5ac">
         <name>__mspabi_mpyul</name>
         <value>0xe874</value>
         <object_component_ref idref="oc-350"/>
      </symbol>
   </symbol_table>
   <title>Link successful</title>
</link_info>
