******************************************************************************
                  MSP430 Linker PC v20.2.4                     
******************************************************************************
>> Linked Mon Apr 12 23:04:12 2021

OUTPUT FILE NAME:   <Cx555.out>
ENTRY POINT SYMBOL: "_c_int00_noargs"  address: 0000e8d6


MEMORY CONFIGURATION

         name            origin    length      used     unused   attr    fill
----------------------  --------  ---------  --------  --------  ----  --------
  SFR                   00000000   00000010  00000000  00000010  RWIX
  PERIPHERALS_8BIT      00000010   000000f0  00000000  000000f0  RWIX
  PERIPHERALS_16BIT     00000100   00000100  00000000  00000100  RWIX
  RAM                   00000200   00000200  000000c2  0000013e  RWIX
  INFOD                 00001000   00000040  00000000  00000040  RWIX
  INFOC                 00001040   00000040  00000000  00000040  RWIX
  INFOB                 00001080   00000040  00000000  00000040  RWIX
  INFOA                 000010c0   00000040  00000000  00000040  RWIX
  FLASH                 0000c000   00003fde  00002ab7  00001527  RWIX
  BSLSIGNATURE          0000ffde   00000002  00000002  00000000  RWIX  ffff 
  INT00                 0000ffe0   00000002  00000002  00000000  RWIX
  INT01                 0000ffe2   00000002  00000000  00000002  RWIX
  INT02                 0000ffe4   00000002  00000002  00000000  RWIX
  INT03                 0000ffe6   00000002  00000002  00000000  RWIX
  INT04                 0000ffe8   00000002  00000000  00000002  RWIX
  INT05                 0000ffea   00000002  00000002  00000000  RWIX
  INT06                 0000ffec   00000002  00000002  00000000  RWIX
  INT07                 0000ffee   00000002  00000002  00000000  RWIX
  INT08                 0000fff0   00000002  00000002  00000000  RWIX
  INT09                 0000fff2   00000002  00000002  00000000  RWIX
  INT10                 0000fff4   00000002  00000002  00000000  RWIX
  INT11                 0000fff6   00000002  00000002  00000000  RWIX
  INT12                 0000fff8   00000002  00000002  00000000  RWIX
  INT13                 0000fffa   00000002  00000002  00000000  RWIX
  INT14                 0000fffc   00000002  00000002  00000000  RWIX
  RESET                 0000fffe   00000002  00000002  00000000  RWIX


SECTION ALLOCATION MAP

 output                                  attributes/
section   page    origin      length       input sections
--------  ----  ----------  ----------   ----------------
.data      0    00000200    00000072     UNINITIALIZED
                  00000200    00000031     main.obj (.data)
                  00000231    00000001     --HOLE--
                  00000232    00000010     main.obj (.data:LCD_Line1)
                  00000242    00000010     main.obj (.data:LCD_Line2)
                  00000252    00000010     main.obj (.data:clear)
                  00000262    00000010     main.obj (.data:key)

.stack     0    000003b0    00000050     UNINITIALIZED
                  000003b0    00000002     rts430_eabi.lib : boot.c.obj (.stack)
                  000003b2    0000004e     --HOLE--

.text      0    0000c000    00002a40     
                  0000c000    00000736     rts430_eabi.lib : addd.c.obj (.text:__mspabi_addd)
                  0000c736    00000478                     : frcdivd.c.obj (.text:__TI_frcdivd)
                  0000cbae    00000372     main.obj (.text:SW2_ISR)
                  0000cf20    000002c0     rts430_eabi.lib : mpyd.c.obj (.text:__mspabi_mpyd)
                  0000d1e0    0000029c     main.obj (.text:main)
                  0000d47c    00000238     rts430_eabi.lib : divd.c.obj (.text:__mspabi_divd)
                  0000d6b4    00000172                     : frcmpyd.c.obj (.text:__TI_frcmpyd)
                  0000d826    00000132                     : fs_add.asm.obj (.text)
                  0000d958    00000116                     : _printfi_min.c.obj (.text:_setfield)
                  0000da6e    00000114                     : mult64.asm.obj (.text:__mpyll)
                  0000db82    000000ec                     : _printfi_min.c.obj (.text:__TI_printfi_minimal)
                  0000dc6e    000000e2     main.obj (.text:PrintfFloat)
                  0000dd50    000000ca     rts430_eabi.lib : _printfi_min.c.obj (.text:_pproc_diouxp)
                  0000de1a    000000c4                     : fs_mpy.asm.obj (.text)
                  0000dede    000000b4                     : cvtdf.c.obj (.text:__mspabi_cvtdf)
                  0000df92    000000ac                     : fltlid.c.obj (.text:__mspabi_fltlid)
                  0000e03e    000000a2     main.obj (.text:I2C_SendByte)
                  0000e0e0    0000009c     rts430_eabi.lib : fs_div.asm.obj (.text)
                  0000e17c    00000092     main.obj (.text:TIMER1_CCR1_Capture)
                  0000e20e    0000007c     rts430_eabi.lib : copy_decompress_lzss.c.obj (.text:decompress:lzss:__TI_decompress_lzss)
                  0000e28a    00000070                     : cvtfd.c.obj (.text:__mspabi_cvtfd)
                  0000e2fa    00000068                     : fs_toi.asm.obj (.text)
                  0000e362    00000062     main.obj (.text:LCD_Display)
                  0000e3c4    0000005c     rts430_eabi.lib : lsr32.asm.obj (.text:l_lsr_const)
                  0000e420    0000004c                     : lsr16.asm.obj (.text)
                  0000e46c    0000004a                     : asr64.c.obj (.text:__mspabi_srall)
                  0000e4b6    0000004a                     : fs_cmp.asm.obj (.text)
                  0000e500    00000046     main.obj (.text:LCD_Init)
                  0000e546    00000046     rts430_eabi.lib : lsr64.c.obj (.text:__mspabi_srlll)
                  0000e58c    00000044                     : lsl64.c.obj (.text:__mspabi_sllll)
                  0000e5d0    00000042                     : autoinit.c.obj (.text:__TI_auto_init_nobinit_nopinit:__TI_auto_init_nobinit_nopinit)
                  0000e612    0000003e                     : asr32.asm.obj (.text:l_asr_const)
                  0000e650    0000003e                     : lsl32.asm.obj (.text:l_lsl_const)
                  0000e68e    00000038                     : sprintf.c.obj (.text:sprintf)
                  0000e6c6    00000036                     : fs_itof.asm.obj (.text)
                  0000e6fc    00000034     main.obj (.text:I2C_Start)
                  0000e730    00000034     main.obj (.text:I2C_Stop)
                  0000e764    00000034     main.obj (.text:InitUART)
                  0000e798    00000032     rts430_eabi.lib : fs_ultof.asm.obj (.text)
                  0000e7ca    0000002c                     : asr16.asm.obj (.text)
                  0000e7f6    0000002c                     : div16s.asm.obj (.text)
                  0000e822    0000002c                     : lsl16.asm.obj (.text)
                  0000e84e    00000026                     : mult32.asm.obj (.text)
                  0000e874    00000022                     : mult1632.asm.obj (.text:__mpyul)
                  0000e896    00000022                     : memccpy.c.obj (.text:memccpy)
                  0000e8b8    0000001e                     : mult3264.asm.obj (.text:__mpyull)
                  0000e8d6    0000001c                     : boot.c.obj (.text:_c_int00_noargs)
                  0000e8f2    0000001a     main.obj (.text:LCD_fresh)
                  0000e90c    0000001a     main.obj (.text:UartSendString)
                  0000e926    0000001a     rts430_eabi.lib : sprintf.c.obj (.text:_outs)
                  0000e940    00000018     main.obj (.text:InitSystemClock)
                  0000e958    00000016     rts430_eabi.lib : div16u.asm.obj (.text)
                  0000e96e    00000014     main.obj (.text:LCD_GenPos)
                  0000e982    00000014     rts430_eabi.lib : memset.c.obj (.text:memset)
                  0000e996    00000014                     : mult16.asm.obj (.text)
                  0000e9aa    00000012                     : sprintf.c.obj (.text:_outc)
                  0000e9bc    00000012                     : copy_decompress_none.c.obj (.text:decompress:none:__TI_decompress_none)
                  0000e9ce    00000012                     : memcpy.c.obj (.text:memcpy)
                  0000e9e0    00000010                     : epilog.asm.obj (.text)
                  0000e9f0    00000010                     : strcpy.c.obj (.text:strcpy)
                  0000ea00    0000000e                     : strlen.c.obj (.text:strlen)
                  0000ea0e    0000000c                     : fltid.c.obj (.text:__mspabi_fltid)
                  0000ea1a    0000000a                     : fs_neg.asm.obj (.text)
                  0000ea24    00000008     main.obj (.text:I2C_Init)
                  0000ea2c    00000008     rts430_eabi.lib : isr_trap.asm.obj (.text:_isr:__TI_ISR_TRAP)
                  0000ea34    00000006                     : exit.c.obj (.text:abort)
                  0000ea3a    00000004                     : pre_init.c.obj (.text:_system_pre_init)
                  0000ea3e    00000002                     : startup.c.obj (.text:_system_post_cinit)

.const     0    0000ea40    00000053     
                  0000ea40    00000034     main.obj (.const:.string)
                  0000ea74    00000014     rts430_eabi.lib : _printfi_min.c.obj (.const:.string)
                  0000ea88    00000006     main.obj (.const:.string:$P$T0$1)
                  0000ea8e    00000005     main.obj (.const:.string:$P$T1$2)

.cinit     0    0000ea94    00000024     
                  0000ea94    0000001b     (.cinit..data.load) [load image, compression = lzss]
                  0000eaaf    00000001     --HOLE-- [fill = 0]
                  0000eab0    00000004     (__TI_handler_table)
                  0000eab4    00000004     (__TI_cinit_table)

.binit     0    0000c000    00000000     

.init_array 
*          0    0000c000    00000000     UNINITIALIZED

TRAPINT    0    0000ffe0    00000002     
                  0000ffe0    00000002     rts430_eabi.lib : int00.asm.obj (.int00)

PORT1      0    0000ffe4    00000002     
                  0000ffe4    00000002     main.obj (.int02)

PORT2      0    0000ffe6    00000002     
                  0000ffe6    00000002     rts430_eabi.lib : int03.asm.obj (.int03)

ADC10      0    0000ffea    00000002     
                  0000ffea    00000002     rts430_eabi.lib : int05.asm.obj (.int05)

USCIAB0TX 
*          0    0000ffec    00000002     
                  0000ffec    00000002     rts430_eabi.lib : int06.asm.obj (.int06)

USCIAB0RX 
*          0    0000ffee    00000002     
                  0000ffee    00000002     rts430_eabi.lib : int07.asm.obj (.int07)

TIMER0_A1 
*          0    0000fff0    00000002     
                  0000fff0    00000002     rts430_eabi.lib : int08.asm.obj (.int08)

TIMER0_A0 
*          0    0000fff2    00000002     
                  0000fff2    00000002     rts430_eabi.lib : int09.asm.obj (.int09)

WDT        0    0000fff4    00000002     
                  0000fff4    00000002     rts430_eabi.lib : int10.asm.obj (.int10)

COMPARATORA 
*          0    0000fff6    00000002     
                  0000fff6    00000002     rts430_eabi.lib : int11.asm.obj (.int11)

TIMER1_A1 
*          0    0000fff8    00000002     
                  0000fff8    00000002     main.obj (.int12)

TIMER1_A0 
*          0    0000fffa    00000002     
                  0000fffa    00000002     rts430_eabi.lib : int13.asm.obj (.int13)

NMI        0    0000fffc    00000002     
                  0000fffc    00000002     rts430_eabi.lib : int14.asm.obj (.int14)

.reset     0    0000fffe    00000002     
                  0000fffe    00000002     rts430_eabi.lib : boot.c.obj (.reset)

$fill000   0    0000ffde    00000002     
                  0000ffde    00000002     --HOLE-- [fill = ffff]

MODULE SUMMARY

       Module                       code    ro data   rw data
       ------                       ----    -------   -------
    .\
       main.obj                     2512    67        113    
    +--+----------------------------+-------+---------+---------+
       Total:                       2512    67        113    
                                                             
    C:\ti\ccs1020\ccs\tools\compiler\ti-cgt-msp430_20.2.4.LTS\lib\rts430_eabi.lib
       addd.c.obj                   1846    0         0      
       frcdivd.c.obj                1144    0         0      
       _printfi_min.c.obj           716     20        0      
       mpyd.c.obj                   704     0         0      
       divd.c.obj                   568     0         0      
       frcmpyd.c.obj                370     0         0      
       fs_add.asm.obj               306     0         0      
       mult64.asm.obj               276     0         0      
       fs_mpy.asm.obj               196     0         0      
       cvtdf.c.obj                  180     0         0      
       fltlid.c.obj                 172     0         0      
       fs_div.asm.obj               156     0         0      
       copy_decompress_lzss.c.obj   124     0         0      
       cvtfd.c.obj                  112     0         0      
       fs_toi.asm.obj               104     0         0      
       sprintf.c.obj                100     0         0      
       lsr32.asm.obj                92      0         0      
       lsr16.asm.obj                76      0         0      
       asr64.c.obj                  74      0         0      
       fs_cmp.asm.obj               74      0         0      
       lsr64.c.obj                  70      0         0      
       lsl64.c.obj                  68      0         0      
       autoinit.c.obj               66      0         0      
       asr32.asm.obj                62      0         0      
       lsl32.asm.obj                62      0         0      
       fs_itof.asm.obj              54      0         0      
       fs_ultof.asm.obj             50      0         0      
       asr16.asm.obj                44      0         0      
       div16s.asm.obj               44      0         0      
       lsl16.asm.obj                44      0         0      
       mult32.asm.obj               38      0         0      
       memccpy.c.obj                34      0         0      
       mult1632.asm.obj             34      0         0      
       boot.c.obj                   28      2         0      
       mult3264.asm.obj             30      0         0      
       div16u.asm.obj               22      0         0      
       memset.c.obj                 20      0         0      
       mult16.asm.obj               20      0         0      
       copy_decompress_none.c.obj   18      0         0      
       memcpy.c.obj                 18      0         0      
       epilog.asm.obj               16      0         0      
       strcpy.c.obj                 16      0         0      
       strlen.c.obj                 14      0         0      
       fltid.c.obj                  12      0         0      
       fs_neg.asm.obj               10      0         0      
       isr_trap.asm.obj             8       0         0      
       exit.c.obj                   6       0         0      
       pre_init.c.obj               4       0         0      
       int00.asm.obj                0       2         0      
       int03.asm.obj                0       2         0      
       int05.asm.obj                0       2         0      
       int06.asm.obj                0       2         0      
       int07.asm.obj                0       2         0      
       int08.asm.obj                0       2         0      
       int09.asm.obj                0       2         0      
       int10.asm.obj                0       2         0      
       int11.asm.obj                0       2         0      
       int13.asm.obj                0       2         0      
       int14.asm.obj                0       2         0      
       startup.c.obj                2       0         0      
    +--+----------------------------+-------+---------+---------+
       Total:                       8304    44        0      
                                                             
       Stack:                       0       0         80     
       Linker Generated:            0       35        0      
    +--+----------------------------+-------+---------+---------+
       Grand Total:                 10816   146       193    


LINKER GENERATED COPY TABLES

__TI_cinit_table @ 0000eab4 records: 1, size/record: 4, table size: 4
	.data: load addr=0000ea94, load size=0000001b bytes, run addr=00000200, run size=00000072 bytes, compression=lzss


LINKER GENERATED HANDLER TABLE

__TI_handler_table @ 0000eab0 records: 2, size/record: 2, table size: 4
	index: 0, handler: __TI_decompress_lzss
	index: 1, handler: __TI_decompress_none


GLOBAL SYMBOLS: SORTED ALPHABETICALLY BY Name 

address   name                          
-------   ----                          
0000004a  ADC10AE0                      
000001b0  ADC10CTL0                     
000001b2  ADC10CTL1                     
00000048  ADC10DTC0                     
00000049  ADC10DTC1                     
000001b4  ADC10MEM                      
000001bc  ADC10SA                       
00000057  BCSCTL1                       
00000058  BCSCTL2                       
00000053  BCSCTL3                       
0000ea34  C$$EXIT                       
00000059  CACTL1                        
0000005a  CACTL2                        
000010fb  CALBC1_12MHZ                  
000010f9  CALBC1_16MHZ                  
000010ff  CALBC1_1MHZ                   
000010fd  CALBC1_8MHZ                   
000010fa  CALDCO_12MHZ                  
000010f8  CALDCO_16MHZ                  
000010fe  CALDCO_1MHZ                   
000010fc  CALDCO_8MHZ                   
0000005b  CAPD                          
00000218  Cx                            
00000056  DCOCTL                        
00000128  FCTL1                         
0000012a  FCTL2                         
0000012c  FCTL3                         
0000ea24  I2C_Init                      
0000e03e  I2C_SendByte                  
0000e03e  I2C_SetAdd                    
0000e6fc  I2C_Start                     
0000e730  I2C_Stop                      
00000000  IE1                           
00000001  IE2                           
00000002  IFG1                          
00000003  IFG2                          
0000e940  InitSystemClock               
0000e764  InitUART                      
0000e362  LCD_Display                   
0000e96e  LCD_GenPos                    
0000e500  LCD_Init                      
00000232  LCD_Line1                     
00000242  LCD_Line2                     
0000e8f2  LCD_fresh                     
00000022  P1DIR                         
00000025  P1IE                          
00000024  P1IES                         
00000023  P1IFG                         
00000020  P1IN                          
00000021  P1OUT                         
00000027  P1REN                         
00000026  P1SEL                         
00000041  P1SEL2                        
0000002a  P2DIR                         
0000002d  P2IE                          
0000002c  P2IES                         
0000002b  P2IFG                         
00000028  P2IN                          
00000029  P2OUT                         
0000002f  P2REN                         
0000002e  P2SEL                         
00000042  P2SEL2                        
0000001a  P3DIR                         
00000018  P3IN                          
00000019  P3OUT                         
00000010  P3REN                         
0000001b  P3SEL                         
00000043  P3SEL2                        
0000dc6e  PrintfFloat                   
0000cbae  SW2_ISR                       
00000172  TA0CCR0                       
00000174  TA0CCR1                       
00000176  TA0CCR2                       
00000162  TA0CCTL0                      
00000164  TA0CCTL1                      
00000166  TA0CCTL2                      
00000160  TA0CTL                        
0000012e  TA0IV                         
00000170  TA0R                          
00000192  TA1CCR0                       
00000194  TA1CCR1                       
00000196  TA1CCR2                       
00000182  TA1CCTL0                      
00000184  TA1CCTL1                      
00000186  TA1CCTL2                      
00000180  TA1CTL                        
0000011e  TA1IV                         
00000190  TA1R                          
0000e17c  TIMER1_CCR1_Capture           
000010db  TLV_ADC10_1_LEN               
000010da  TLV_ADC10_1_TAG               
000010c0  TLV_CHECKSUM                  
000010f7  TLV_DCO_30_LEN                
000010f6  TLV_DCO_30_TAG                
0000005d  UCA0ABCTL                     
00000062  UCA0BR0                       
00000063  UCA0BR1                       
00000060  UCA0CTL0                      
00000061  UCA0CTL1                      
0000005f  UCA0IRRCTL                    
0000005e  UCA0IRTCTL                    
00000064  UCA0MCTL                      
00000066  UCA0RXBUF                     
00000065  UCA0STAT                      
00000067  UCA0TXBUF                     
0000006a  UCB0BR0                       
0000006b  UCB0BR1                       
00000068  UCB0CTL0                      
00000069  UCB0CTL1                      
0000006c  UCB0I2CIE                     
00000118  UCB0I2COA                     
0000011a  UCB0I2CSA                     
0000006e  UCB0RXBUF                     
0000006d  UCB0STAT                      
0000006f  UCB0TXBUF                     
0000e90c  UartSendString                
00000120  WDTCTL                        
00000400  __STACK_END                   
00000050  __STACK_SIZE                  
0000eab4  __TI_CINIT_Base               
0000eab8  __TI_CINIT_Limit              
0000eab0  __TI_Handler_Table_Base       
0000eab4  __TI_Handler_Table_Limit      
0000ea2c  __TI_ISR_TRAP                 
0000e5d0  __TI_auto_init_nobinit_nopinit
0000e20e  __TI_decompress_lzss          
0000e9bc  __TI_decompress_none          
0000c736  __TI_frcdivd                  
0000d6b4  __TI_frcmpyd                  
0000ffe0  __TI_int00                    
0000ffe4  __TI_int02                    
0000ffe6  __TI_int03                    
0000ffea  __TI_int05                    
0000ffec  __TI_int06                    
0000ffee  __TI_int07                    
0000fff0  __TI_int08                    
0000fff2  __TI_int09                    
0000fff4  __TI_int10                    
0000fff6  __TI_int11                    
0000fff8  __TI_int12                    
0000fffa  __TI_int13                    
0000fffc  __TI_int14                    
ffffffff  __TI_pprof_out_hndl           
0000db82  __TI_printfi_minimal          
ffffffff  __TI_prof_data_size           
ffffffff  __TI_prof_data_start          
ffffffff  __c_args__                    
0000c000  __mspabi_addd                 
0000d82c  __mspabi_addf                 
0000e4b6  __mspabi_cmpf                 
0000dede  __mspabi_cvtdf                
0000e28a  __mspabi_cvtfd                
0000d47c  __mspabi_divd                 
0000e0e0  __mspabi_divf                 
0000e7f6  __mspabi_divi                 
0000e958  __mspabi_divu                 
0000e2fa  __mspabi_fixfi                
0000ea0e  __mspabi_fltid                
0000e6c6  __mspabi_fltif                
0000df92  __mspabi_fltlid               
0000e798  __mspabi_fltulf               
0000e9ec  __mspabi_func_epilog_1        
0000e9ea  __mspabi_func_epilog_2        
0000e9e8  __mspabi_func_epilog_3        
0000e9e6  __mspabi_func_epilog_4        
0000e9e4  __mspabi_func_epilog_5        
0000e9e2  __mspabi_func_epilog_6        
0000e9e0  __mspabi_func_epilog_7        
0000cf20  __mspabi_mpyd                 
0000de1a  __mspabi_mpyf                 
0000e996  __mspabi_mpyi                 
0000e996  __mspabi_mpyi_sw              
0000e84e  __mspabi_mpyl                 
0000e84e  __mspabi_mpyl_sw              
0000da6e  __mspabi_mpyll                
0000da6e  __mspabi_mpyll_sw             
0000e874  __mspabi_mpyul                
0000e874  __mspabi_mpyul_sw             
0000e8b8  __mspabi_mpyull               
0000e8b8  __mspabi_mpyull_sw            
0000ea1a  __mspabi_negf                 
0000e7f6  __mspabi_remi                 
0000e958  __mspabi_remu                 
0000e822  __mspabi_slli                 
0000e84a  __mspabi_slli_1               
0000e838  __mspabi_slli_10              
0000e836  __mspabi_slli_11              
0000e834  __mspabi_slli_12              
0000e832  __mspabi_slli_13              
0000e830  __mspabi_slli_14              
0000e82e  __mspabi_slli_15              
0000e848  __mspabi_slli_2               
0000e846  __mspabi_slli_3               
0000e844  __mspabi_slli_4               
0000e842  __mspabi_slli_5               
0000e840  __mspabi_slli_6               
0000e83e  __mspabi_slli_7               
0000e83c  __mspabi_slli_8               
0000e83a  __mspabi_slli_9               
0000e688  __mspabi_slll_1               
0000e664  __mspabi_slll_10              
0000e660  __mspabi_slll_11              
0000e65c  __mspabi_slll_12              
0000e658  __mspabi_slll_13              
0000e654  __mspabi_slll_14              
0000e650  __mspabi_slll_15              
0000e684  __mspabi_slll_2               
0000e680  __mspabi_slll_3               
0000e67c  __mspabi_slll_4               
0000e678  __mspabi_slll_5               
0000e674  __mspabi_slll_6               
0000e670  __mspabi_slll_7               
0000e66c  __mspabi_slll_8               
0000e668  __mspabi_slll_9               
0000e58c  __mspabi_sllll                
0000e7ca  __mspabi_srai                 
0000e7f2  __mspabi_srai_1               
0000e7e0  __mspabi_srai_10              
0000e7de  __mspabi_srai_11              
0000e7dc  __mspabi_srai_12              
0000e7da  __mspabi_srai_13              
0000e7d8  __mspabi_srai_14              
0000e7d6  __mspabi_srai_15              
0000e7f0  __mspabi_srai_2               
0000e7ee  __mspabi_srai_3               
0000e7ec  __mspabi_srai_4               
0000e7ea  __mspabi_srai_5               
0000e7e8  __mspabi_srai_6               
0000e7e6  __mspabi_srai_7               
0000e7e4  __mspabi_srai_8               
0000e7e2  __mspabi_srai_9               
0000e64a  __mspabi_sral_1               
0000e626  __mspabi_sral_10              
0000e622  __mspabi_sral_11              
0000e61e  __mspabi_sral_12              
0000e61a  __mspabi_sral_13              
0000e616  __mspabi_sral_14              
0000e612  __mspabi_sral_15              
0000e646  __mspabi_sral_2               
0000e642  __mspabi_sral_3               
0000e63e  __mspabi_sral_4               
0000e63a  __mspabi_sral_5               
0000e636  __mspabi_sral_6               
0000e632  __mspabi_sral_7               
0000e62e  __mspabi_sral_8               
0000e62a  __mspabi_sral_9               
0000e46c  __mspabi_srall                
0000e420  __mspabi_srli                 
0000e466  __mspabi_srli_1               
0000e442  __mspabi_srli_10              
0000e43e  __mspabi_srli_11              
0000e43a  __mspabi_srli_12              
0000e436  __mspabi_srli_13              
0000e432  __mspabi_srli_14              
0000e42e  __mspabi_srli_15              
0000e462  __mspabi_srli_2               
0000e45e  __mspabi_srli_3               
0000e45a  __mspabi_srli_4               
0000e456  __mspabi_srli_5               
0000e452  __mspabi_srli_6               
0000e44e  __mspabi_srli_7               
0000e44a  __mspabi_srli_8               
0000e446  __mspabi_srli_9               
0000e418  __mspabi_srll_1               
0000e3e2  __mspabi_srll_10              
0000e3dc  __mspabi_srll_11              
0000e3d6  __mspabi_srll_12              
0000e3d0  __mspabi_srll_13              
0000e3ca  __mspabi_srll_14              
0000e3c4  __mspabi_srll_15              
0000e412  __mspabi_srll_2               
0000e40c  __mspabi_srll_3               
0000e406  __mspabi_srll_4               
0000e400  __mspabi_srll_5               
0000e3fa  __mspabi_srll_6               
0000e3f4  __mspabi_srll_7               
0000e3ee  __mspabi_srll_8               
0000e3e8  __mspabi_srll_9               
0000e546  __mspabi_srlll                
0000d826  __mspabi_subf                 
0000e8d6  _c_int00_noargs               
0000fffe  _reset_vector                 
000003b0  _stack                        
0000ea3e  _system_post_cinit            
0000ea3a  _system_pre_init              
0000ea34  abort                         
00000224  b                             
0000022c  b_adjusted                    
00000252  clear                         
0000020c  cnt                           
00000214  freq                          
00000210  fst_catch                     
0000021c  jiao                          
00000220  k                             
00000228  k_adjusted                    
00000262  key                           
0000d1e0  main                          
0000e896  memccpy                       
0000e9ce  memcpy                        
0000e982  memset                        
00000200  nCCR0                         
00000212  sec_catch                     
0000e68e  sprintf                       
0000e9f0  strcpy                        
0000ea00  strlen                        
00000204  timestamp0                    
00000208  timestamp1                    


GLOBAL SYMBOLS: SORTED BY Symbol Address 

address   name                          
-------   ----                          
00000000  IE1                           
00000001  IE2                           
00000002  IFG1                          
00000003  IFG2                          
00000010  P3REN                         
00000018  P3IN                          
00000019  P3OUT                         
0000001a  P3DIR                         
0000001b  P3SEL                         
00000020  P1IN                          
00000021  P1OUT                         
00000022  P1DIR                         
00000023  P1IFG                         
00000024  P1IES                         
00000025  P1IE                          
00000026  P1SEL                         
00000027  P1REN                         
00000028  P2IN                          
00000029  P2OUT                         
0000002a  P2DIR                         
0000002b  P2IFG                         
0000002c  P2IES                         
0000002d  P2IE                          
0000002e  P2SEL                         
0000002f  P2REN                         
00000041  P1SEL2                        
00000042  P2SEL2                        
00000043  P3SEL2                        
00000048  ADC10DTC0                     
00000049  ADC10DTC1                     
0000004a  ADC10AE0                      
00000050  __STACK_SIZE                  
00000053  BCSCTL3                       
00000056  DCOCTL                        
00000057  BCSCTL1                       
00000058  BCSCTL2                       
00000059  CACTL1                        
0000005a  CACTL2                        
0000005b  CAPD                          
0000005d  UCA0ABCTL                     
0000005e  UCA0IRTCTL                    
0000005f  UCA0IRRCTL                    
00000060  UCA0CTL0                      
00000061  UCA0CTL1                      
00000062  UCA0BR0                       
00000063  UCA0BR1                       
00000064  UCA0MCTL                      
00000065  UCA0STAT                      
00000066  UCA0RXBUF                     
00000067  UCA0TXBUF                     
00000068  UCB0CTL0                      
00000069  UCB0CTL1                      
0000006a  UCB0BR0                       
0000006b  UCB0BR1                       
0000006c  UCB0I2CIE                     
0000006d  UCB0STAT                      
0000006e  UCB0RXBUF                     
0000006f  UCB0TXBUF                     
00000118  UCB0I2COA                     
0000011a  UCB0I2CSA                     
0000011e  TA1IV                         
00000120  WDTCTL                        
00000128  FCTL1                         
0000012a  FCTL2                         
0000012c  FCTL3                         
0000012e  TA0IV                         
00000160  TA0CTL                        
00000162  TA0CCTL0                      
00000164  TA0CCTL1                      
00000166  TA0CCTL2                      
00000170  TA0R                          
00000172  TA0CCR0                       
00000174  TA0CCR1                       
00000176  TA0CCR2                       
00000180  TA1CTL                        
00000182  TA1CCTL0                      
00000184  TA1CCTL1                      
00000186  TA1CCTL2                      
00000190  TA1R                          
00000192  TA1CCR0                       
00000194  TA1CCR1                       
00000196  TA1CCR2                       
000001b0  ADC10CTL0                     
000001b2  ADC10CTL1                     
000001b4  ADC10MEM                      
000001bc  ADC10SA                       
00000200  nCCR0                         
00000204  timestamp0                    
00000208  timestamp1                    
0000020c  cnt                           
00000210  fst_catch                     
00000212  sec_catch                     
00000214  freq                          
00000218  Cx                            
0000021c  jiao                          
00000220  k                             
00000224  b                             
00000228  k_adjusted                    
0000022c  b_adjusted                    
00000232  LCD_Line1                     
00000242  LCD_Line2                     
00000252  clear                         
00000262  key                           
000003b0  _stack                        
00000400  __STACK_END                   
000010c0  TLV_CHECKSUM                  
000010da  TLV_ADC10_1_TAG               
000010db  TLV_ADC10_1_LEN               
000010f6  TLV_DCO_30_TAG                
000010f7  TLV_DCO_30_LEN                
000010f8  CALDCO_16MHZ                  
000010f9  CALBC1_16MHZ                  
000010fa  CALDCO_12MHZ                  
000010fb  CALBC1_12MHZ                  
000010fc  CALDCO_8MHZ                   
000010fd  CALBC1_8MHZ                   
000010fe  CALDCO_1MHZ                   
000010ff  CALBC1_1MHZ                   
0000c000  __mspabi_addd                 
0000c736  __TI_frcdivd                  
0000cbae  SW2_ISR                       
0000cf20  __mspabi_mpyd                 
0000d1e0  main                          
0000d47c  __mspabi_divd                 
0000d6b4  __TI_frcmpyd                  
0000d826  __mspabi_subf                 
0000d82c  __mspabi_addf                 
0000da6e  __mspabi_mpyll                
0000da6e  __mspabi_mpyll_sw             
0000db82  __TI_printfi_minimal          
0000dc6e  PrintfFloat                   
0000de1a  __mspabi_mpyf                 
0000dede  __mspabi_cvtdf                
0000df92  __mspabi_fltlid               
0000e03e  I2C_SendByte                  
0000e03e  I2C_SetAdd                    
0000e0e0  __mspabi_divf                 
0000e17c  TIMER1_CCR1_Capture           
0000e20e  __TI_decompress_lzss          
0000e28a  __mspabi_cvtfd                
0000e2fa  __mspabi_fixfi                
0000e362  LCD_Display                   
0000e3c4  __mspabi_srll_15              
0000e3ca  __mspabi_srll_14              
0000e3d0  __mspabi_srll_13              
0000e3d6  __mspabi_srll_12              
0000e3dc  __mspabi_srll_11              
0000e3e2  __mspabi_srll_10              
0000e3e8  __mspabi_srll_9               
0000e3ee  __mspabi_srll_8               
0000e3f4  __mspabi_srll_7               
0000e3fa  __mspabi_srll_6               
0000e400  __mspabi_srll_5               
0000e406  __mspabi_srll_4               
0000e40c  __mspabi_srll_3               
0000e412  __mspabi_srll_2               
0000e418  __mspabi_srll_1               
0000e420  __mspabi_srli                 
0000e42e  __mspabi_srli_15              
0000e432  __mspabi_srli_14              
0000e436  __mspabi_srli_13              
0000e43a  __mspabi_srli_12              
0000e43e  __mspabi_srli_11              
0000e442  __mspabi_srli_10              
0000e446  __mspabi_srli_9               
0000e44a  __mspabi_srli_8               
0000e44e  __mspabi_srli_7               
0000e452  __mspabi_srli_6               
0000e456  __mspabi_srli_5               
0000e45a  __mspabi_srli_4               
0000e45e  __mspabi_srli_3               
0000e462  __mspabi_srli_2               
0000e466  __mspabi_srli_1               
0000e46c  __mspabi_srall                
0000e4b6  __mspabi_cmpf                 
0000e500  LCD_Init                      
0000e546  __mspabi_srlll                
0000e58c  __mspabi_sllll                
0000e5d0  __TI_auto_init_nobinit_nopinit
0000e612  __mspabi_sral_15              
0000e616  __mspabi_sral_14              
0000e61a  __mspabi_sral_13              
0000e61e  __mspabi_sral_12              
0000e622  __mspabi_sral_11              
0000e626  __mspabi_sral_10              
0000e62a  __mspabi_sral_9               
0000e62e  __mspabi_sral_8               
0000e632  __mspabi_sral_7               
0000e636  __mspabi_sral_6               
0000e63a  __mspabi_sral_5               
0000e63e  __mspabi_sral_4               
0000e642  __mspabi_sral_3               
0000e646  __mspabi_sral_2               
0000e64a  __mspabi_sral_1               
0000e650  __mspabi_slll_15              
0000e654  __mspabi_slll_14              
0000e658  __mspabi_slll_13              
0000e65c  __mspabi_slll_12              
0000e660  __mspabi_slll_11              
0000e664  __mspabi_slll_10              
0000e668  __mspabi_slll_9               
0000e66c  __mspabi_slll_8               
0000e670  __mspabi_slll_7               
0000e674  __mspabi_slll_6               
0000e678  __mspabi_slll_5               
0000e67c  __mspabi_slll_4               
0000e680  __mspabi_slll_3               
0000e684  __mspabi_slll_2               
0000e688  __mspabi_slll_1               
0000e68e  sprintf                       
0000e6c6  __mspabi_fltif                
0000e6fc  I2C_Start                     
0000e730  I2C_Stop                      
0000e764  InitUART                      
0000e798  __mspabi_fltulf               
0000e7ca  __mspabi_srai                 
0000e7d6  __mspabi_srai_15              
0000e7d8  __mspabi_srai_14              
0000e7da  __mspabi_srai_13              
0000e7dc  __mspabi_srai_12              
0000e7de  __mspabi_srai_11              
0000e7e0  __mspabi_srai_10              
0000e7e2  __mspabi_srai_9               
0000e7e4  __mspabi_srai_8               
0000e7e6  __mspabi_srai_7               
0000e7e8  __mspabi_srai_6               
0000e7ea  __mspabi_srai_5               
0000e7ec  __mspabi_srai_4               
0000e7ee  __mspabi_srai_3               
0000e7f0  __mspabi_srai_2               
0000e7f2  __mspabi_srai_1               
0000e7f6  __mspabi_divi                 
0000e7f6  __mspabi_remi                 
0000e822  __mspabi_slli                 
0000e82e  __mspabi_slli_15              
0000e830  __mspabi_slli_14              
0000e832  __mspabi_slli_13              
0000e834  __mspabi_slli_12              
0000e836  __mspabi_slli_11              
0000e838  __mspabi_slli_10              
0000e83a  __mspabi_slli_9               
0000e83c  __mspabi_slli_8               
0000e83e  __mspabi_slli_7               
0000e840  __mspabi_slli_6               
0000e842  __mspabi_slli_5               
0000e844  __mspabi_slli_4               
0000e846  __mspabi_slli_3               
0000e848  __mspabi_slli_2               
0000e84a  __mspabi_slli_1               
0000e84e  __mspabi_mpyl                 
0000e84e  __mspabi_mpyl_sw              
0000e874  __mspabi_mpyul                
0000e874  __mspabi_mpyul_sw             
0000e896  memccpy                       
0000e8b8  __mspabi_mpyull               
0000e8b8  __mspabi_mpyull_sw            
0000e8d6  _c_int00_noargs               
0000e8f2  LCD_fresh                     
0000e90c  UartSendString                
0000e940  InitSystemClock               
0000e958  __mspabi_divu                 
0000e958  __mspabi_remu                 
0000e96e  LCD_GenPos                    
0000e982  memset                        
0000e996  __mspabi_mpyi                 
0000e996  __mspabi_mpyi_sw              
0000e9bc  __TI_decompress_none          
0000e9ce  memcpy                        
0000e9e0  __mspabi_func_epilog_7        
0000e9e2  __mspabi_func_epilog_6        
0000e9e4  __mspabi_func_epilog_5        
0000e9e6  __mspabi_func_epilog_4        
0000e9e8  __mspabi_func_epilog_3        
0000e9ea  __mspabi_func_epilog_2        
0000e9ec  __mspabi_func_epilog_1        
0000e9f0  strcpy                        
0000ea00  strlen                        
0000ea0e  __mspabi_fltid                
0000ea1a  __mspabi_negf                 
0000ea24  I2C_Init                      
0000ea2c  __TI_ISR_TRAP                 
0000ea34  C$$EXIT                       
0000ea34  abort                         
0000ea3a  _system_pre_init              
0000ea3e  _system_post_cinit            
0000eab0  __TI_Handler_Table_Base       
0000eab4  __TI_CINIT_Base               
0000eab4  __TI_Handler_Table_Limit      
0000eab8  __TI_CINIT_Limit              
0000ffe0  __TI_int00                    
0000ffe4  __TI_int02                    
0000ffe6  __TI_int03                    
0000ffea  __TI_int05                    
0000ffec  __TI_int06                    
0000ffee  __TI_int07                    
0000fff0  __TI_int08                    
0000fff2  __TI_int09                    
0000fff4  __TI_int10                    
0000fff6  __TI_int11                    
0000fff8  __TI_int12                    
0000fffa  __TI_int13                    
0000fffc  __TI_int14                    
0000fffe  _reset_vector                 
ffffffff  __TI_pprof_out_hndl           
ffffffff  __TI_prof_data_size           
ffffffff  __TI_prof_data_start          
ffffffff  __c_args__                    

[307 symbols]
